<html>
<body>
<pre>
<h1>µVision Build Log</h1>
<h2>Tool Versions:</h2>
IDE-Version: ¦ÌVision V5.16.0.0
Copyright (C) 2015 ARM Ltd and ARM Germany GmbH. All rights reserved.
License Information: 1111 Administrator, 111111, LIC=IC93N-YYTRP-D37M3-A1KEN-1ZVP2-BDWL1
 
Tool Versions:
Toolchain:       MDK-ARM Professional  Version: 5.16.0.0
Toolchain Path:  G:\MDK5\ARM\ARMCC\Bin
C Compiler:      Armcc.exe V5.06 (build 20)
Assembler:       Armasm.exe V5.06 (build 20)
Linker/Locator:  ArmLink.exe V5.06 (build 20)
Library Manager: ArmAr.exe V5.06 (build 20)
Hex Converter:   FromElf.exe V5.06 (build 20)
CPU DLL:         SARMCM3.DLL V5.16.0.0
Dialog DLL:      DCM.DLL V1.13.2.0
Target DLL:      Segger\JL2CM3.dll V2.99.15.2
Dialog DLL:      TCM.DLL V1.14.5.0
 
<h2>Project:</h2>
J:\stm32\stm32f407VET6\stm32f407VET6\code\stm32F407_HAL_PRO\STM32_PRO\MDK-ARM\STM32_PRO.uvprojx
Project File Date:  05/15/2022

<h2>Output:</h2>
*** Using Compiler 'V5.06 (build 20)', folder: 'G:\MDK5\ARM\ARMCC\Bin'
Build target 'STM32_PRO'
compiling mytask.c...
linking...
Program Size: Code=32564 RO-data=532 RW-data=524 ZI-data=36420  
FromELF: creating hex file...
"STM32_PRO\STM32_PRO.axf" - 0 Error(s), 0 Warning(s).

<h2>Software Packages used:</h2>

Package Vendor: ARM
                http://www.keil.com/pack/ARM.CMSIS.4.3.0.pack
                ARM::CMSIS:CORE:4.1.0
                CMSIS (Cortex Microcontroller Software Interface Standard)
   * Component: CORE Version: 4.1.0

<h2>Collection of Component include folders:</h2>
  J:\stm32\stm32f407VET6\stm32f407VET6\code\stm32F407_HAL_PRO\STM32_PRO\MDK-ARM\RTE
  L:\MDK5 PACK\ARM\CMSIS\4.3.0\CMSIS\Include
  L:\MDK5 PACK\Keil\STM32F4xx_DFP\2.14.0\Drivers\CMSIS\Device\ST\STM32F4xx\Include

<h2>Collection of Component Files used:</h2>

   * Component: ARM::CMSIS:CORE:4.1.0
Build Time Elapsed:  00:00:04
</pre>
</body>
</html>
