Component: ARM Compiler 5.06 (build 20) Tool: armlink [4d35a3]

==============================================================================

Section Cross References

    startup_stm32f407xx.o(RESET) refers to startup_stm32f407xx.o(STACK) for __initial_sp
    startup_stm32f407xx.o(RESET) refers to startup_stm32f407xx.o(.text) for Reset_Handler
    startup_stm32f407xx.o(RESET) refers to stm32f4xx_it.o(i.NMI_Handler) for NMI_Handler
    startup_stm32f407xx.o(RESET) refers to stm32f4xx_it.o(i.HardFault_Handler) for HardFault_Handler
    startup_stm32f407xx.o(RESET) refers to stm32f4xx_it.o(i.MemManage_Handler) for MemManage_Handler
    startup_stm32f407xx.o(RESET) refers to stm32f4xx_it.o(i.BusFault_Handler) for BusFault_Handler
    startup_stm32f407xx.o(RESET) refers to stm32f4xx_it.o(i.UsageFault_Handler) for UsageFault_Handler
    startup_stm32f407xx.o(RESET) refers to port.o(.emb_text) for SVC_Handler
    startup_stm32f407xx.o(RESET) refers to stm32f4xx_it.o(i.DebugMon_Handler) for DebugMon_Handler
    startup_stm32f407xx.o(RESET) refers to port.o(i.SysTick_Handler) for SysTick_Handler
    startup_stm32f407xx.o(RESET) refers to stm32f4xx_it.o(i.DMA1_Stream4_IRQHandler) for DMA1_Stream4_IRQHandler
    startup_stm32f407xx.o(RESET) refers to stm32f4xx_it.o(i.TIM1_UP_TIM10_IRQHandler) for TIM1_UP_TIM10_IRQHandler
    startup_stm32f407xx.o(RESET) refers to stm32f4xx_it.o(i.USART1_IRQHandler) for USART1_IRQHandler
    startup_stm32f407xx.o(RESET) refers to stm32f4xx_it.o(i.DMA2_Stream2_IRQHandler) for DMA2_Stream2_IRQHandler
    startup_stm32f407xx.o(RESET) refers to stm32f4xx_it.o(i.OTG_FS_IRQHandler) for OTG_FS_IRQHandler
    startup_stm32f407xx.o(RESET) refers to stm32f4xx_it.o(i.DMA2_Stream7_IRQHandler) for DMA2_Stream7_IRQHandler
    startup_stm32f407xx.o(.text) refers to system_stm32f4xx.o(i.SystemInit) for SystemInit
    startup_stm32f407xx.o(.text) refers to entry.o(.ARM.Collect$$$$00000000) for __main
    main.o(i.HAL_TIM_PeriodElapsedCallback) refers to stm32f4xx_hal.o(i.HAL_IncTick) for HAL_IncTick
    main.o(i.SystemClock_Config) refers to memseta.o(.text) for __aeabi_memclr4
    main.o(i.SystemClock_Config) refers to stm32f4xx_hal_rcc.o(i.HAL_RCC_OscConfig) for HAL_RCC_OscConfig
    main.o(i.SystemClock_Config) refers to stm32f4xx_hal_rcc.o(i.HAL_RCC_ClockConfig) for HAL_RCC_ClockConfig
    main.o(i.main) refers to stm32f4xx_hal.o(i.HAL_Init) for HAL_Init
    main.o(i.main) refers to usb.o(i.USB_Reset) for USB_Reset
    main.o(i.main) refers to main.o(i.SystemClock_Config) for SystemClock_Config
    main.o(i.main) refers to gpio.o(i.MX_GPIO_Init) for MX_GPIO_Init
    main.o(i.main) refers to dma.o(i.MX_DMA_Init) for MX_DMA_Init
    main.o(i.main) refers to usart.o(i.MX_USART1_UART_Init) for MX_USART1_UART_Init
    main.o(i.main) refers to spi.o(i.MX_SPI2_Init) for MX_SPI2_Init
    main.o(i.main) refers to sdio.o(i.MX_SDIO_SD_Init) for MX_SDIO_SD_Init
    main.o(i.main) refers to fatfs.o(i.MX_FATFS_Init) for MX_FATFS_Init
    main.o(i.main) refers to i2c.o(i.MX_I2C1_Init) for MX_I2C1_Init
    main.o(i.main) refers to stm32f4xx_hal_uart.o(i.HAL_UART_Receive_DMA) for HAL_UART_Receive_DMA
    main.o(i.main) refers to delay.o(i.delay_init) for delay_init
    main.o(i.main) refers to oled.o(i.Init_ssd1327) for Init_ssd1327
    main.o(i.main) refers to oled.o(i.OLED_Clear) for OLED_Clear
    main.o(i.main) refers to stm32f4xx_hal.o(i.HAL_Delay) for HAL_Delay
    main.o(i.main) refers to mytask.o(i.Wifi_CreateTask) for Wifi_CreateTask
    main.o(i.main) refers to freertos.o(i.MX_FREERTOS_Init) for MX_FREERTOS_Init
    main.o(i.main) refers to cmsis_os.o(i.osKernelStart) for osKernelStart
    main.o(i.main) refers to usart.o(.bss) for huart1
    main.o(i.main) refers to main.o(.bss) for .bss
    gpio.o(i.MX_GPIO_Init) refers to memseta.o(.text) for __aeabi_memclr4
    gpio.o(i.MX_GPIO_Init) refers to stm32f4xx_hal_gpio.o(i.HAL_GPIO_WritePin) for HAL_GPIO_WritePin
    gpio.o(i.MX_GPIO_Init) refers to stm32f4xx_hal_gpio.o(i.HAL_GPIO_Init) for HAL_GPIO_Init
    freertos.o(i.MX_FREERTOS_Init) refers to memcpya.o(.text) for __aeabi_memcpy4
    freertos.o(i.MX_FREERTOS_Init) refers to cmsis_os.o(i.osThreadCreate) for osThreadCreate
    freertos.o(i.MX_FREERTOS_Init) refers to freertos.o(.constdata) for .constdata
    freertos.o(i.MX_FREERTOS_Init) refers to freertos.o(.data) for .data
    freertos.o(i.StartDefaultTask) refers to usb_device.o(i.MX_USB_DEVICE_Init) for MX_USB_DEVICE_Init
    freertos.o(i.StartDefaultTask) refers to cmsis_os.o(i.osDelay) for osDelay
    freertos.o(i.vApplicationGetIdleTaskMemory) refers to freertos.o(.bss) for .bss
    freertos.o(.constdata) refers to freertos.o(.conststring) for .conststring
    freertos.o(.constdata) refers to freertos.o(i.StartDefaultTask) for StartDefaultTask
    dma.o(i.MX_DMA_Init) refers to stm32f4xx_hal_cortex.o(i.HAL_NVIC_SetPriority) for HAL_NVIC_SetPriority
[...]
    SDIO_IRQHandler                          0x08000277   Thumb Code     0  startup_stm32f407xx.o(.text)
    SPI1_IRQHandler                          0x08000277   Thumb Code     0  startup_stm32f407xx.o(.text)
    SPI2_IRQHandler                          0x08000277   Thumb Code     0  startup_stm32f407xx.o(.text)
    SPI3_IRQHandler                          0x08000277   Thumb Code     0  startup_stm32f407xx.o(.text)
    TAMP_STAMP_IRQHandler                    0x08000277   Thumb Code     0  startup_stm32f407xx.o(.text)
    TIM1_BRK_TIM9_IRQHandler                 0x08000277   Thumb Code     0  startup_stm32f407xx.o(.text)
    TIM1_CC_IRQHandler                       0x08000277   Thumb Code     0  startup_stm32f407xx.o(.text)
    TIM1_TRG_COM_TIM11_IRQHandler            0x08000277   Thumb Code     0  startup_stm32f407xx.o(.text)
    TIM2_IRQHandler                          0x08000277   Thumb Code     0  startup_stm32f407xx.o(.text)
    TIM3_IRQHandler                          0x08000277   Thumb Code     0  startup_stm32f407xx.o(.text)
    TIM4_IRQHandler                          0x08000277   Thumb Code     0  startup_stm32f407xx.o(.text)
    TIM5_IRQHandler                          0x08000277   Thumb Code     0  startup_stm32f407xx.o(.text)
    TIM6_DAC_IRQHandler                      0x08000277   Thumb Code     0  startup_stm32f407xx.o(.text)
    TIM7_IRQHandler                          0x08000277   Thumb Code     0  startup_stm32f407xx.o(.text)
    TIM8_BRK_TIM12_IRQHandler                0x08000277   Thumb Code     0  startup_stm32f407xx.o(.text)
    TIM8_CC_IRQHandler                       0x08000277   Thumb Code     0  startup_stm32f407xx.o(.text)
    TIM8_TRG_COM_TIM14_IRQHandler            0x08000277   Thumb Code     0  startup_stm32f407xx.o(.text)
    TIM8_UP_TIM13_IRQHandler                 0x08000277   Thumb Code     0  startup_stm32f407xx.o(.text)
    UART4_IRQHandler                         0x08000277   Thumb Code     0  startup_stm32f407xx.o(.text)
    UART5_IRQHandler                         0x08000277   Thumb Code     0  startup_stm32f407xx.o(.text)
    USART2_IRQHandler                        0x08000277   Thumb Code     0  startup_stm32f407xx.o(.text)
    USART3_IRQHandler                        0x08000277   Thumb Code     0  startup_stm32f407xx.o(.text)
    USART6_IRQHandler                        0x08000277   Thumb Code     0  startup_stm32f407xx.o(.text)
    WWDG_IRQHandler                          0x08000277   Thumb Code     0  startup_stm32f407xx.o(.text)
    __aeabi_uldivmod                         0x08000281   Thumb Code    98  uldiv.o(.text)
    __aeabi_memcpy                           0x080002e3   Thumb Code    36  memcpya.o(.text)
    __aeabi_memcpy4                          0x080002e3   Thumb Code     0  memcpya.o(.text)
    __aeabi_memcpy8                          0x080002e3   Thumb Code     0  memcpya.o(.text)
    __aeabi_memset                           0x08000307   Thumb Code    14  memseta.o(.text)
    __aeabi_memset4                          0x08000307   Thumb Code     0  memseta.o(.text)
    __aeabi_memset8                          0x08000307   Thumb Code     0  memseta.o(.text)
    __aeabi_memclr                           0x08000315   Thumb Code     4  memseta.o(.text)
    __aeabi_memclr4                          0x08000315   Thumb Code     0  memseta.o(.text)
    __aeabi_memclr8                          0x08000315   Thumb Code     0  memseta.o(.text)
    memset                                   0x08000319   Thumb Code    18  memseta.o(.text)
    __aeabi_dadd                             0x0800032b   Thumb Code   322  dadd.o(.text)
    __aeabi_dsub                             0x0800046d   Thumb Code     6  dadd.o(.text)
    __aeabi_drsub                            0x08000473   Thumb Code     6  dadd.o(.text)
    __aeabi_dmul                             0x08000479   Thumb Code   228  dmul.o(.text)
    __aeabi_cdrcmple                         0x0800055d   Thumb Code    48  cdrcmple.o(.text)
    __aeabi_uidiv                            0x0800058d   Thumb Code     0  uidiv.o(.text)
    __aeabi_uidivmod                         0x0800058d   Thumb Code    44  uidiv.o(.text)
    __aeabi_llsl                             0x080005b9   Thumb Code    30  llshl.o(.text)
    _ll_shift_l                              0x080005b9   Thumb Code     0  llshl.o(.text)
    __aeabi_llsr                             0x080005d7   Thumb Code    32  llushr.o(.text)
    _ll_ushift_r                             0x080005d7   Thumb Code     0  llushr.o(.text)
    __aeabi_lasr                             0x080005f7   Thumb Code    36  llsshr.o(.text)
    _ll_sshift_r                             0x080005f7   Thumb Code     0  llsshr.o(.text)
    __I$use$fp                               0x0800061b   Thumb Code     0  iusefp.o(.text)
    _double_round                            0x0800061b   Thumb Code    30  depilogue.o(.text)
    _double_epilogue                         0x08000639   Thumb Code   156  depilogue.o(.text)
    __aeabi_ddiv                             0x080006d5   Thumb Code   222  ddiv.o(.text)
    __aeabi_d2ulz                            0x080007b3   Thumb Code    48  dfixul.o(.text)
    __scatterload                            0x080007e5   Thumb Code    28  init.o(.text)
    __scatterload_rt2                        0x080007e5   Thumb Code     0  init.o(.text)
    __decompress                             0x08000809   Thumb Code     0  __dczerorl2.o(.text)
    __decompress1                            0x08000809   Thumb Code    86  __dczerorl2.o(.text)
    BSP_PlatformIsDetected                   0x08000861   Thumb Code    20  fatfs_platform.o(i.BSP_PlatformIsDetected)
    BSP_SD_GetCardInfo                       0x08000879   Thumb Code     8  bsp_driver_sd.o(i.BSP_SD_GetCardInfo)
    BSP_SD_GetCardState                      0x08000885   Thumb Code    20  bsp_driver_sd.o(i.BSP_SD_GetCardState)
    BSP_SD_Init                              0x0800089d   Thumb Code    42  bsp_driver_sd.o(i.BSP_SD_Init)
    BSP_SD_IsDetected                        0x080008cd   Thumb Code    26  bsp_driver_sd.o(i.BSP_SD_IsDetected)
    BSP_SD_ReadBlocks_DMA                    0x080008e9   Thumb Code    24  bsp_driver_sd.o(i.BSP_SD_ReadBlocks_DMA)
    BSP_SD_ReadCpltCallback                  0x08000905   Thumb Code    12  sd_diskio.o(i.BSP_SD_ReadCpltCallback)
    BSP_SD_WriteBlocks_DMA                   0x08000915   Thumb Code    24  bsp_driver_sd.o(i.BSP_SD_WriteBlocks_DMA)
    BusFault_Handler                         0x08000931   Thumb Code     2  stm32f4xx_it.o(i.BusFault_Handler)
    Column_Address                           0x0800097d   Thumb Code    34  oled.o(i.Column_Address)
    DMA1_Stream4_IRQHandler                  0x080009a1   Thumb Code     6  stm32f4xx_it.o(i.DMA1_Stream4_IRQHandler)
    DMA2_Stream2_IRQHandler                  0x080009ad   Thumb Code     6  stm32f4xx_it.o(i.DMA2_Stream2_IRQHandler)
    DMA2_Stream7_IRQHandler                  0x080009b9   Thumb Code     6  stm32f4xx_it.o(i.DMA2_Stream7_IRQHandler)
    DebugMon_Handler                         0x08000a69   Thumb Code     2  stm32f4xx_it.o(i.DebugMon_Handler)
    Error_Handler                            0x08000a6b   Thumb Code     4  main.o(i.Error_Handler)
    FATFS_LinkDriver                         0x08000a6f   Thumb Code     6  ff_gen_drv.o(i.FATFS_LinkDriver)
    FATFS_LinkDriverEx                       0x08000a75   Thumb Code    58  ff_gen_drv.o(i.FATFS_LinkDriverEx)
    GPIO_Set                                 0x08000ab5   Thumb Code   156  sys.o(i.GPIO_Set)
    HAL_DMA_Abort                            0x08000b51   Thumb Code   146  stm32f4xx_hal_dma.o(i.HAL_DMA_Abort)
    HAL_DMA_Abort_IT                         0x08000be3   Thumb Code    36  stm32f4xx_hal_dma.o(i.HAL_DMA_Abort_IT)
    HAL_DMA_GetError                         0x08000c07   Thumb Code     4  stm32f4xx_hal_dma.o(i.HAL_DMA_GetError)
    HAL_DMA_IRQHandler                       0x08000c0d   Thumb Code   412  stm32f4xx_hal_dma.o(i.HAL_DMA_IRQHandler)
    HAL_DMA_Init                             0x08000dad   Thumb Code   206  stm32f4xx_hal_dma.o(i.HAL_DMA_Init)
    HAL_DMA_Start_IT                         0x08000e81   Thumb Code   110  stm32f4xx_hal_dma.o(i.HAL_DMA_Start_IT)
    HAL_Delay                                0x08000ef1   Thumb Code    32  stm32f4xx_hal.o(i.HAL_Delay)
    HAL_GPIO_Init                            0x08000f15   Thumb Code   450  stm32f4xx_hal_gpio.o(i.HAL_GPIO_Init)
    HAL_GPIO_ReadPin                         0x08001105   Thumb Code    10  stm32f4xx_hal_gpio.o(i.HAL_GPIO_ReadPin)
    HAL_GPIO_TogglePin                       0x0800110f   Thumb Code    16  stm32f4xx_hal_gpio.o(i.HAL_GPIO_TogglePin)
    HAL_GPIO_WritePin                        0x0800111f   Thumb Code    10  stm32f4xx_hal_gpio.o(i.HAL_GPIO_WritePin)
    HAL_GetTick                              0x08001129   Thumb Code     6  stm32f4xx_hal.o(i.HAL_GetTick)
    HAL_I2C_Init                             0x08001135   Thumb Code   376  stm32f4xx_hal_i2c.o(i.HAL_I2C_Init)
    HAL_I2C_MspInit                          0x080012bd   Thumb Code    92  i2c.o(i.HAL_I2C_MspInit)
    HAL_IncTick                              0x08001325   Thumb Code    12  stm32f4xx_hal.o(i.HAL_IncTick)
    HAL_Init                                 0x08001335   Thumb Code    48  stm32f4xx_hal.o(i.HAL_Init)
    HAL_InitTick                             0x08001369   Thumb Code   100  stm32f4xx_hal_timebase_tim.o(i.HAL_InitTick)
    HAL_MspInit                              0x080013dd   Thumb Code    52  stm32f4xx_hal_msp.o(i.HAL_MspInit)
    HAL_NVIC_EnableIRQ                       0x08001415   Thumb Code    26  stm32f4xx_hal_cortex.o(i.HAL_NVIC_EnableIRQ)
    HAL_NVIC_SetPriority                     0x08001431   Thumb Code    60  stm32f4xx_hal_cortex.o(i.HAL_NVIC_SetPriority)
    HAL_NVIC_SetPriorityGrouping             0x08001471   Thumb Code    26  stm32f4xx_hal_cortex.o(i.HAL_NVIC_SetPriorityGrouping)
    HAL_PCDEx_LPM_Callback                   0x08001495   Thumb Code     2  stm32f4xx_hal_pcd_ex.o(i.HAL_PCDEx_LPM_Callback)
    HAL_PCDEx_SetRxFiFo                      0x08001497   Thumb Code     8  stm32f4xx_hal_pcd_ex.o(i.HAL_PCDEx_SetRxFiFo)
    HAL_PCDEx_SetTxFiFo                      0x0800149f   Thumb Code    68  stm32f4xx_hal_pcd_ex.o(i.HAL_PCDEx_SetTxFiFo)
    HAL_PCD_ConnectCallback                  0x080014e3   Thumb Code     8  usbd_conf.o(i.HAL_PCD_ConnectCallback)
    HAL_PCD_DataInStageCallback              0x080014eb   Thumb Code    18  usbd_conf.o(i.HAL_PCD_DataInStageCallback)
    HAL_PCD_DataOutStageCallback             0x080014fd   Thumb Code    20  usbd_conf.o(i.HAL_PCD_DataOutStageCallback)
    HAL_PCD_DisconnectCallback               0x08001511   Thumb Code     8  usbd_conf.o(i.HAL_PCD_DisconnectCallback)
    HAL_PCD_EP_Close                         0x08001519   Thumb Code    76  stm32f4xx_hal_pcd.o(i.HAL_PCD_EP_Close)
    HAL_PCD_EP_ClrStall                      0x08001565   Thumb Code    92  stm32f4xx_hal_pcd.o(i.HAL_PCD_EP_ClrStall)
    HAL_PCD_EP_GetRxCount                    0x080015c1   Thumb Code    18  stm32f4xx_hal_pcd.o(i.HAL_PCD_EP_GetRxCount)
    HAL_PCD_EP_Open                          0x080015d3   Thumb Code    96  stm32f4xx_hal_pcd.o(i.HAL_PCD_EP_Open)
    HAL_PCD_EP_Receive                       0x08001633   Thumb Code    72  stm32f4xx_hal_pcd.o(i.HAL_PCD_EP_Receive)
    HAL_PCD_EP_SetStall                      0x0800167b   Thumb Code   116  stm32f4xx_hal_pcd.o(i.HAL_PCD_EP_SetStall)
    HAL_PCD_EP_Transmit                      0x080016ef   Thumb Code    64  stm32f4xx_hal_pcd.o(i.HAL_PCD_EP_Transmit)
    HAL_PCD_IRQHandler                       0x08001731   Thumb Code  1070  stm32f4xx_hal_pcd.o(i.HAL_PCD_IRQHandler)
    HAL_PCD_ISOINIncompleteCallback          0x08001b65   Thumb Code     8  usbd_conf.o(i.HAL_PCD_ISOINIncompleteCallback)
    HAL_PCD_ISOOUTIncompleteCallback         0x08001b6d   Thumb Code     8  usbd_conf.o(i.HAL_PCD_ISOOUTIncompleteCallback)
    HAL_PCD_Init                             0x08001b75   Thumb Code   226  stm32f4xx_hal_pcd.o(i.HAL_PCD_Init)
    HAL_PCD_MspInit                          0x08001c59   Thumb Code   122  usbd_conf.o(i.HAL_PCD_MspInit)
    HAL_PCD_ResetCallback                    0x08001cdd   Thumb Code    44  usbd_conf.o(i.HAL_PCD_ResetCallback)
    HAL_PCD_ResumeCallback                   0x08001d09   Thumb Code     8  usbd_conf.o(i.HAL_PCD_ResumeCallback)
    HAL_PCD_SOFCallback                      0x08001d11   Thumb Code     8  usbd_conf.o(i.HAL_PCD_SOFCallback)
    HAL_PCD_SetAddress                       0x08001d19   Thumb Code    40  stm32f4xx_hal_pcd.o(i.HAL_PCD_SetAddress)
    HAL_PCD_SetupStageCallback               0x08001d41   Thumb Code    14  usbd_conf.o(i.HAL_PCD_SetupStageCallback)
    HAL_PCD_Start                            0x08001d4f   Thumb Code    66  stm32f4xx_hal_pcd.o(i.HAL_PCD_Start)
    HAL_PCD_SuspendCallback                  0x08001d91   Thumb Code    44  usbd_conf.o(i.HAL_PCD_SuspendCallback)
    HAL_RCC_ClockConfig                      0x08001dc1   Thumb Code   288  stm32f4xx_hal_rcc.o(i.HAL_RCC_ClockConfig)
    HAL_RCC_GetClockConfig                   0x08001ef5   Thumb Code    54  stm32f4xx_hal_rcc.o(i.HAL_RCC_GetClockConfig)
    HAL_RCC_GetHCLKFreq                      0x08001f35   Thumb Code     6  stm32f4xx_hal_rcc.o(i.HAL_RCC_GetHCLKFreq)
    HAL_RCC_GetPCLK1Freq                     0x08001f41   Thumb Code    20  stm32f4xx_hal_rcc.o(i.HAL_RCC_GetPCLK1Freq)
    HAL_RCC_GetPCLK2Freq                     0x08001f61   Thumb Code    20  stm32f4xx_hal_rcc.o(i.HAL_RCC_GetPCLK2Freq)
    HAL_RCC_GetSysClockFreq                  0x08001f81   Thumb Code    88  stm32f4xx_hal_rcc.o(i.HAL_RCC_GetSysClockFreq)
    HAL_RCC_OscConfig                        0x08001fe1   Thumb Code   856  stm32f4xx_hal_rcc.o(i.HAL_RCC_OscConfig)
    HAL_SD_ConfigWideBusOperation            0x0800234d   Thumb Code   276  stm32f4xx_hal_sd.o(i.HAL_SD_ConfigWideBusOperation)
    HAL_SD_ErrorCallback                     0x08002465   Thumb Code     2  stm32f4xx_hal_sd.o(i.HAL_SD_ErrorCallback)
    HAL_SD_GetCardCSD                        0x08002469   Thumb Code   402  stm32f4xx_hal_sd.o(i.HAL_SD_GetCardCSD)
    HAL_SD_GetCardInfo                       0x08002601   Thumb Code    36  stm32f4xx_hal_sd.o(i.HAL_SD_GetCardInfo)
    HAL_SD_GetCardState                      0x08002625   Thumb Code    44  stm32f4xx_hal_sd.o(i.HAL_SD_GetCardState)
    HAL_SD_Init                              0x08002651   Thumb Code    54  stm32f4xx_hal_sd.o(i.HAL_SD_Init)
    HAL_SD_InitCard                          0x08002689   Thumb Code   108  stm32f4xx_hal_sd.o(i.HAL_SD_InitCard)
    HAL_SD_MspInit                           0x080026fd   Thumb Code   130  sdio.o(i.HAL_SD_MspInit)
    HAL_SD_ReadBlocks_DMA                    0x08002791   Thumb Code   276  stm32f4xx_hal_sd.o(i.HAL_SD_ReadBlocks_DMA)
    HAL_SD_RxCpltCallback                    0x080028b5   Thumb Code     8  bsp_driver_sd.o(i.HAL_SD_RxCpltCallback)
    HAL_SD_WriteBlocks_DMA                   0x080028bd   Thumb Code   270  stm32f4xx_hal_sd.o(i.HAL_SD_WriteBlocks_DMA)
    HAL_SPI_Init                             0x080029dd   Thumb Code   188  stm32f4xx_hal_spi.o(i.HAL_SPI_Init)
    HAL_SPI_MspInit                          0x08002a99   Thumb Code   138  spi.o(i.HAL_SPI_MspInit)
    HAL_TIMEx_BreakCallback                  0x08002b39   Thumb Code     2  stm32f4xx_hal_tim_ex.o(i.HAL_TIMEx_BreakCallback)
    HAL_TIMEx_CommutCallback                 0x08002b3b   Thumb Code     2  stm32f4xx_hal_tim_ex.o(i.HAL_TIMEx_CommutCallback)
    HAL_TIM_Base_Init                        0x08002b3d   Thumb Code    90  stm32f4xx_hal_tim.o(i.HAL_TIM_Base_Init)
    HAL_TIM_Base_MspInit                     0x08002b97   Thumb Code     2  stm32f4xx_hal_tim.o(i.HAL_TIM_Base_MspInit)
    HAL_TIM_Base_Start_IT                    0x08002b99   Thumb Code   100  stm32f4xx_hal_tim.o(i.HAL_TIM_Base_Start_IT)
    HAL_TIM_IC_CaptureCallback               0x08002c19   Thumb Code     2  stm32f4xx_hal_tim.o(i.HAL_TIM_IC_CaptureCallback)
    HAL_TIM_IRQHandler                       0x08002c1b   Thumb Code   358  stm32f4xx_hal_tim.o(i.HAL_TIM_IRQHandler)
    HAL_TIM_OC_DelayElapsedCallback          0x08002d81   Thumb Code     2  stm32f4xx_hal_tim.o(i.HAL_TIM_OC_DelayElapsedCallback)
    HAL_TIM_PWM_PulseFinishedCallback        0x08002d83   Thumb Code     2  stm32f4xx_hal_tim.o(i.HAL_TIM_PWM_PulseFinishedCallback)
    HAL_TIM_PeriodElapsedCallback            0x08002d85   Thumb Code    14  main.o(i.HAL_TIM_PeriodElapsedCallback)
    HAL_TIM_TriggerCallback                  0x08002d99   Thumb Code     2  stm32f4xx_hal_tim.o(i.HAL_TIM_TriggerCallback)
    HAL_UARTEx_RxEventCallback               0x08002d9b   Thumb Code     2  stm32f4xx_hal_uart.o(i.HAL_UARTEx_RxEventCallback)
    HAL_UART_DMAStop                         0x08002d9d   Thumb Code   112  stm32f4xx_hal_uart.o(i.HAL_UART_DMAStop)
    HAL_UART_ErrorCallback                   0x08002e0d   Thumb Code     2  stm32f4xx_hal_uart.o(i.HAL_UART_ErrorCallback)
    HAL_UART_IRQHandler                      0x08002e11   Thumb Code   610  stm32f4xx_hal_uart.o(i.HAL_UART_IRQHandler)
    HAL_UART_Init                            0x08003079   Thumb Code    98  stm32f4xx_hal_uart.o(i.HAL_UART_Init)
    HAL_UART_MspInit                         0x080030dd   Thumb Code   208  usart.o(i.HAL_UART_MspInit)
    HAL_UART_Receive_DMA                     0x080031c1   Thumb Code    42  stm32f4xx_hal_uart.o(i.HAL_UART_Receive_DMA)
    HAL_UART_RxCpltCallback                  0x080031eb   Thumb Code     2  stm32f4xx_hal_uart.o(i.HAL_UART_RxCpltCallback)
    HAL_UART_RxHalfCpltCallback              0x080031ed   Thumb Code     2  stm32f4xx_hal_uart.o(i.HAL_UART_RxHalfCpltCallback)
    HAL_UART_TxCpltCallback                  0x080031ef   Thumb Code     2  stm32f4xx_hal_uart.o(i.HAL_UART_TxCpltCallback)
    HardFault_Handler                        0x080031f1   Thumb Code     2  stm32f4xx_it.o(i.HardFault_Handler)
    Init_ssd1327                             0x080031f5   Thumb Code   286  oled.o(i.Init_ssd1327)
    MX_DMA_Init                              0x08003355   Thumb Code    88  dma.o(i.MX_DMA_Init)
    MX_FATFS_Init                            0x080033b1   Thumb Code    18  fatfs.o(i.MX_FATFS_Init)
    MX_FREERTOS_Init                         0x080033cd   Thumb Code    30  freertos.o(i.MX_FREERTOS_Init)
    MX_GPIO_Init                             0x080033f5   Thumb Code   220  gpio.o(i.MX_GPIO_Init)
    MX_I2C1_Init                             0x080034e1   Thumb Code    50  i2c.o(i.MX_I2C1_Init)
    MX_SDIO_SD_Init                          0x08003521   Thumb Code    24  sdio.o(i.MX_SDIO_SD_Init)
    MX_SPI2_Init                             0x08003541   Thumb Code    64  spi.o(i.MX_SPI2_Init)
    MX_USART1_UART_Init                      0x08003589   Thumb Code    48  usart.o(i.MX_USART1_UART_Init)
    MX_USB_DEVICE_Init                       0x080035c1   Thumb Code    66  usb_device.o(i.MX_USB_DEVICE_Init)
    MemManage_Handler                        0x08003615   Thumb Code     2  stm32f4xx_it.o(i.MemManage_Handler)
    NMI_Handler                              0x08003617   Thumb Code     2  stm32f4xx_it.o(i.NMI_Handler)
    OLED_Clear                               0x08003619   Thumb Code    78  oled.o(i.OLED_Clear)
    OLED_WR_Byte                             0x08003669   Thumb Code    72  oled.o(i.OLED_WR_Byte)
    OTG_FS_IRQHandler                        0x080036b5   Thumb Code     6  stm32f4xx_it.o(i.OTG_FS_IRQHandler)
    Row_Address                              0x0800382f   Thumb Code    34  oled.o(i.Row_Address)
    SDIO_ConfigData                          0x08003851   Thumb Code    36  stm32f4xx_ll_sdmmc.o(i.SDIO_ConfigData)
    SDIO_GetPowerState                       0x08003875   Thumb Code     8  stm32f4xx_ll_sdmmc.o(i.SDIO_GetPowerState)
    SDIO_GetResponse                         0x0800387d   Thumb Code     6  stm32f4xx_ll_sdmmc.o(i.SDIO_GetResponse)
    SDIO_Init                                0x08003883   Thumb Code    36  stm32f4xx_ll_sdmmc.o(i.SDIO_Init)
    SDIO_PowerState_ON                       0x080038a7   Thumb Code    16  stm32f4xx_ll_sdmmc.o(i.SDIO_PowerState_ON)
    SDIO_ReadFIFO                            0x080038b7   Thumb Code     6  stm32f4xx_ll_sdmmc.o(i.SDIO_ReadFIFO)
    SDIO_SendCommand                         0x080038bd   Thumb Code    32  stm32f4xx_ll_sdmmc.o(i.SDIO_SendCommand)
    SDMMC_CmdAppCommand                      0x080038dd   Thumb Code    50  stm32f4xx_ll_sdmmc.o(i.SDMMC_CmdAppCommand)
    SDMMC_CmdAppOperCommand                  0x08003911   Thumb Code    48  stm32f4xx_ll_sdmmc.o(i.SDMMC_CmdAppOperCommand)
    SDMMC_CmdBlockLength                     0x08003945   Thumb Code    50  stm32f4xx_ll_sdmmc.o(i.SDMMC_CmdBlockLength)
    SDMMC_CmdBusWidth                        0x08003977   Thumb Code    50  stm32f4xx_ll_sdmmc.o(i.SDMMC_CmdBusWidth)
    SDMMC_CmdGoIdleState                     0x080039a9   Thumb Code    74  stm32f4xx_ll_sdmmc.o(i.SDMMC_CmdGoIdleState)
    SDMMC_CmdOperCond                        0x080039f9   Thumb Code   112  stm32f4xx_ll_sdmmc.o(i.SDMMC_CmdOperCond)
    SDMMC_CmdReadMultiBlock                  0x08003a6d   Thumb Code    50  stm32f4xx_ll_sdmmc.o(i.SDMMC_CmdReadMultiBlock)
    SDMMC_CmdReadSingleBlock                 0x08003a9f   Thumb Code    50  stm32f4xx_ll_sdmmc.o(i.SDMMC_CmdReadSingleBlock)
    SDMMC_CmdSelDesel                        0x08003ad1   Thumb Code    50  stm32f4xx_ll_sdmmc.o(i.SDMMC_CmdSelDesel)
    SDMMC_CmdSendCID                         0x08003b03   Thumb Code    44  stm32f4xx_ll_sdmmc.o(i.SDMMC_CmdSendCID)
    SDMMC_CmdSendCSD                         0x08003b2f   Thumb Code    44  stm32f4xx_ll_sdmmc.o(i.SDMMC_CmdSendCSD)
    SDMMC_CmdSendSCR                         0x08003b5b   Thumb Code    48  stm32f4xx_ll_sdmmc.o(i.SDMMC_CmdSendSCR)
    SDMMC_CmdSendStatus                      0x08003b8b   Thumb Code    50  stm32f4xx_ll_sdmmc.o(i.SDMMC_CmdSendStatus)
    SDMMC_CmdSetRelAdd                       0x08003bbd   Thumb Code    48  stm32f4xx_ll_sdmmc.o(i.SDMMC_CmdSetRelAdd)
    SDMMC_CmdStopTransfer                    0x08003bed   Thumb Code    46  stm32f4xx_ll_sdmmc.o(i.SDMMC_CmdStopTransfer)
    SDMMC_CmdWriteMultiBlock                 0x08003c21   Thumb Code    50  stm32f4xx_ll_sdmmc.o(i.SDMMC_CmdWriteMultiBlock)
    SDMMC_CmdWriteSingleBlock                0x08003c53   Thumb Code    50  stm32f4xx_ll_sdmmc.o(i.SDMMC_CmdWriteSingleBlock)
    SD_initialize                            0x08004235   Thumb Code    74  sd_diskio.o(i.SD_initialize)
    SD_ioctl                                 0x08004289   Thumb Code    76  sd_diskio.o(i.SD_ioctl)
    SD_read                                  0x080042d9   Thumb Code    98  sd_diskio.o(i.SD_read)
    SD_status                                0x08004341   Thumb Code     4  sd_diskio.o(i.SD_status)
    SD_write                                 0x08004345   Thumb Code    98  sd_diskio.o(i.SD_write)
    StartDefaultTask                         0x080043b7   Thumb Code    12  freertos.o(i.StartDefaultTask)
    SysTick_Handler                          0x080043c5   Thumb Code    38  port.o(i.SysTick_Handler)
    SystemClock_Config                       0x080043f1   Thumb Code   140  main.o(i.SystemClock_Config)
    SystemInit                               0x08004485   Thumb Code    12  system_stm32f4xx.o(i.SystemInit)
    TIM1_UP_TIM10_IRQHandler                 0x08004495   Thumb Code     6  stm32f4xx_it.o(i.TIM1_UP_TIM10_IRQHandler)
    TIM_Base_SetConfig                       0x080044a1   Thumb Code   156  stm32f4xx_hal_tim.o(i.TIM_Base_SetConfig)
    UART_Start_Receive_DMA                   0x08004895   Thumb Code   130  stm32f4xx_hal_uart.o(i.UART_Start_Receive_DMA)
    USART1_IRQHandler                        0x08004925   Thumb Code    18  stm32f4xx_it.o(i.USART1_IRQHandler)
    USAR_UART_IDLECallback                   0x0800493d   Thumb Code    44  my_usart.o(i.USAR_UART_IDLECallback)
    USBD_CDC_GetDeviceQualifierDescriptor    0x08004a7d   Thumb Code     8  usbd_cdc.o(i.USBD_CDC_GetDeviceQualifierDescriptor)
    USBD_CDC_ReceivePacket                   0x08004b4f   Thumb Code    40  usbd_cdc.o(i.USBD_CDC_ReceivePacket)
    USBD_CDC_RegisterInterface               0x08004b77   Thumb Code    14  usbd_cdc.o(i.USBD_CDC_RegisterInterface)
    USBD_CDC_SetRxBuffer                     0x08004b85   Thumb Code    18  usbd_cdc.o(i.USBD_CDC_SetRxBuffer)
    USBD_CDC_SetTxBuffer                     0x08004b97   Thumb Code    22  usbd_cdc.o(i.USBD_CDC_SetTxBuffer)
    USBD_ClrClassConfig                      0x08004c6b   Thumb Code    16  usbd_core.o(i.USBD_ClrClassConfig)
    USBD_CtlContinueRx                       0x08004c7b   Thumb Code    16  usbd_ioreq.o(i.USBD_CtlContinueRx)
    USBD_CtlContinueSendData                 0x08004c8b   Thumb Code    16  usbd_ioreq.o(i.USBD_CtlContinueSendData)
    USBD_CtlError                            0x08004c9b   Thumb Code    22  usbd_ctlreq.o(i.USBD_CtlError)
    USBD_CtlPrepareRx                        0x08004cb1   Thumb Code    30  usbd_ioreq.o(i.USBD_CtlPrepareRx)
    USBD_CtlReceiveStatus                    0x08004ccf   Thumb Code    22  usbd_ioreq.o(i.USBD_CtlReceiveStatus)
    USBD_CtlSendData                         0x08004ce5   Thumb Code    26  usbd_ioreq.o(i.USBD_CtlSendData)
    USBD_CtlSendStatus                       0x08004cff   Thumb Code    22  usbd_ioreq.o(i.USBD_CtlSendStatus)
    USBD_FS_ConfigStrDescriptor              0x08004d15   Thumb Code    16  usbd_desc.o(i.USBD_FS_ConfigStrDescriptor)
    USBD_FS_DeviceDescriptor                 0x08004d35   Thumb Code     8  usbd_desc.o(i.USBD_FS_DeviceDescriptor)
    USBD_FS_InterfaceStrDescriptor           0x08004d41   Thumb Code    16  usbd_desc.o(i.USBD_FS_InterfaceStrDescriptor)
    USBD_FS_LangIDStrDescriptor              0x08004d65   Thumb Code     8  usbd_desc.o(i.USBD_FS_LangIDStrDescriptor)
    USBD_FS_ManufacturerStrDescriptor        0x08004d71   Thumb Code    16  usbd_desc.o(i.USBD_FS_ManufacturerStrDescriptor)
    USBD_FS_ProductStrDescriptor             0x08004d99   Thumb Code    16  usbd_desc.o(i.USBD_FS_ProductStrDescriptor)
    USBD_FS_SerialStrDescriptor              0x08004dc5   Thumb Code    48  usbd_desc.o(i.USBD_FS_SerialStrDescriptor)
    USBD_GetString                           0x08004ee3   Thumb Code    72  usbd_ctlreq.o(i.USBD_GetString)
    USBD_Get_USB_Status                      0x08004f2b   Thumb Code    24  usbd_conf.o(i.USBD_Get_USB_Status)
    USBD_Init                                0x08004f43   Thumb Code    38  usbd_core.o(i.USBD_Init)
    USBD_LL_ClearStallEP                     0x08004f69   Thumb Code    18  usbd_conf.o(i.USBD_LL_ClearStallEP)
    USBD_LL_CloseEP                          0x08004f7b   Thumb Code    18  usbd_conf.o(i.USBD_LL_CloseEP)
    USBD_LL_DataInStage                      0x08004f8d   Thumb Code   168  usbd_core.o(i.USBD_LL_DataInStage)
    USBD_LL_DataOutStage                     0x08005035   Thumb Code   108  usbd_core.o(i.USBD_LL_DataOutStage)
    USBD_LL_DevConnected                     0x080050a1   Thumb Code     4  usbd_core.o(i.USBD_LL_DevConnected)
    USBD_LL_DevDisconnected                  0x080050a5   Thumb Code    24  usbd_core.o(i.USBD_LL_DevDisconnected)
    USBD_LL_GetRxDataSize                    0x080050bd   Thumb Code     8  usbd_conf.o(i.USBD_LL_GetRxDataSize)
    USBD_LL_Init                             0x080050c5   Thumb Code    90  usbd_conf.o(i.USBD_LL_Init)
    USBD_LL_IsStallEP                        0x08005125   Thumb Code    32  usbd_conf.o(i.USBD_LL_IsStallEP)
    USBD_LL_IsoINIncomplete                  0x08005145   Thumb Code    32  usbd_core.o(i.USBD_LL_IsoINIncomplete)
    USBD_LL_IsoOUTIncomplete                 0x08005165   Thumb Code    32  usbd_core.o(i.USBD_LL_IsoOUTIncomplete)
    USBD_LL_OpenEP                           0x08005185   Thumb Code    24  usbd_conf.o(i.USBD_LL_OpenEP)
    USBD_LL_PrepareReceive                   0x0800519d   Thumb Code    18  usbd_conf.o(i.USBD_LL_PrepareReceive)
    USBD_LL_Reset                            0x080051af   Thumb Code    90  usbd_core.o(i.USBD_LL_Reset)
    USBD_LL_Resume                           0x08005209   Thumb Code    20  usbd_core.o(i.USBD_LL_Resume)
    USBD_LL_SOF                              0x0800521d   Thumb Code    32  usbd_core.o(i.USBD_LL_SOF)
    USBD_LL_SetSpeed                         0x0800523d   Thumb Code     6  usbd_core.o(i.USBD_LL_SetSpeed)
    USBD_LL_SetUSBAddress                    0x08005243   Thumb Code    18  usbd_conf.o(i.USBD_LL_SetUSBAddress)
    USBD_LL_SetupStage                       0x08005255   Thumb Code    96  usbd_core.o(i.USBD_LL_SetupStage)
    USBD_LL_StallEP                          0x080052b5   Thumb Code    18  usbd_conf.o(i.USBD_LL_StallEP)
    USBD_LL_Start                            0x080052c7   Thumb Code    18  usbd_conf.o(i.USBD_LL_Start)
    USBD_LL_Suspend                          0x080052d9   Thumb Code    18  usbd_core.o(i.USBD_LL_Suspend)
    USBD_LL_Transmit                         0x080052eb   Thumb Code    18  usbd_conf.o(i.USBD_LL_Transmit)
    USBD_ParseSetupRequest                   0x080052fd   Thumb Code    44  usbd_ctlreq.o(i.USBD_ParseSetupRequest)
    USBD_RegisterClass                       0x08005329   Thumb Code    36  usbd_core.o(i.USBD_RegisterClass)
    USBD_SetClassConfig                      0x0800534d   Thumb Code    20  usbd_core.o(i.USBD_SetClassConfig)
    USBD_Start                               0x0800541d   Thumb Code     4  usbd_core.o(i.USBD_Start)
    USBD_StdDevReq                           0x08005421   Thumb Code   276  usbd_ctlreq.o(i.USBD_StdDevReq)
    USBD_StdEPReq                            0x08005535   Thumb Code   320  usbd_ctlreq.o(i.USBD_StdEPReq)
    USBD_StdItfReq                           0x08005675   Thumb Code    82  usbd_ctlreq.o(i.USBD_StdItfReq)
    USBD_static_free                         0x080056c7   Thumb Code     2  usbd_conf.o(i.USBD_static_free)
    USBD_static_malloc                       0x080056c9   Thumb Code     4  usbd_conf.o(i.USBD_static_malloc)
    USB_ActivateEndpoint                     0x080056d1   Thumb Code   122  stm32f4xx_ll_usb.o(i.USB_ActivateEndpoint)
    USB_ActivateSetup                        0x08005751   Thumb Code    28  stm32f4xx_ll_usb.o(i.USB_ActivateSetup)
    USB_CoreInit                             0x0800576d   Thumb Code   112  stm32f4xx_ll_usb.o(i.USB_CoreInit)
    USB_DeactivateEndpoint                   0x08005821   Thumb Code   194  stm32f4xx_ll_usb.o(i.USB_DeactivateEndpoint)
    USB_DevConnect                           0x080058ed   Thumb Code    28  stm32f4xx_ll_usb.o(i.USB_DevConnect)
    USB_DevDisconnect                        0x08005909   Thumb Code    28  stm32f4xx_ll_usb.o(i.USB_DevDisconnect)
    USB_DevInit                              0x08005925   Thumb Code   362  stm32f4xx_ll_usb.o(i.USB_DevInit)
    USB_DisableGlobalInt                     0x08005a99   Thumb Code    12  stm32f4xx_ll_usb.o(i.USB_DisableGlobalInt)
    USB_EP0StartXfer                         0x08005aa5   Thumb Code   276  stm32f4xx_ll_usb.o(i.USB_EP0StartXfer)
    USB_EP0_OutStart                         0x08005bbd   Thumb Code    84  stm32f4xx_ll_usb.o(i.USB_EP0_OutStart)
    USB_EPClearStall                         0x08005c15   Thumb Code    88  stm32f4xx_ll_usb.o(i.USB_EPClearStall)
    USB_EPSetStall                           0x08005c6d   Thumb Code    88  stm32f4xx_ll_usb.o(i.USB_EPSetStall)
    USB_EPStartXfer                          0x08005cc5   Thumb Code   482  stm32f4xx_ll_usb.o(i.USB_EPStartXfer)
    USB_EnableGlobalInt                      0x08005ead   Thumb Code    12  stm32f4xx_ll_usb.o(i.USB_EnableGlobalInt)
    USB_FlushRxFifo                          0x08005eb9   Thumb Code    36  stm32f4xx_ll_usb.o(i.USB_FlushRxFifo)
    USB_FlushTxFifo                          0x08005ee1   Thumb Code    40  stm32f4xx_ll_usb.o(i.USB_FlushTxFifo)
    USB_GetDevSpeed                          0x08005f0d   Thumb Code    26  stm32f4xx_ll_usb.o(i.USB_GetDevSpeed)
    USB_GetMode                              0x08005f27   Thumb Code     8  stm32f4xx_ll_usb.o(i.USB_GetMode)
    USB_ReadDevAllInEpInterrupt              0x08005f2f   Thumb Code    14  stm32f4xx_ll_usb.o(i.USB_ReadDevAllInEpInterrupt)
    USB_ReadDevAllOutEpInterrupt             0x08005f3d   Thumb Code    14  stm32f4xx_ll_usb.o(i.USB_ReadDevAllOutEpInterrupt)
    USB_ReadDevInEPInterrupt                 0x08005f4b   Thumb Code    36  stm32f4xx_ll_usb.o(i.USB_ReadDevInEPInterrupt)
    USB_ReadDevOutEPInterrupt                0x08005f6f   Thumb Code    16  stm32f4xx_ll_usb.o(i.USB_ReadDevOutEPInterrupt)
    USB_ReadInterrupts                       0x08005f7f   Thumb Code     8  stm32f4xx_ll_usb.o(i.USB_ReadInterrupts)
    USB_ReadPacket                           0x08005f87   Thumb Code    62  stm32f4xx_ll_usb.o(i.USB_ReadPacket)
    USB_Reset                                0x08005fc5   Thumb Code    86  usb.o(i.USB_Reset)
    USB_SetCurrentMode                       0x08006025   Thumb Code    92  stm32f4xx_ll_usb.o(i.USB_SetCurrentMode)
    USB_SetDevAddress                        0x08006081   Thumb Code    34  stm32f4xx_ll_usb.o(i.USB_SetDevAddress)
    USB_SetTurnaroundTime                    0x080060a5   Thumb Code   158  stm32f4xx_ll_usb.o(i.USB_SetTurnaroundTime)
    USB_WritePacket                          0x0800618d   Thumb Code    40  stm32f4xx_ll_usb.o(i.USB_WritePacket)
    USER_UART_IRQHandler                     0x080061b5   Thumb Code    36  my_usart.o(i.USER_UART_IRQHandler)
    UsageFault_Handler                       0x080061e1   Thumb Code     2  stm32f4xx_it.o(i.UsageFault_Handler)
    Wifi_CreateTask                          0x080061e5   Thumb Code    38  mytask.o(i.Wifi_CreateTask)
    Wifi_Task                                0x08006241   Thumb Code    26  mytask.o(i.Wifi_Task)
    __0printf                                0x08006261   Thumb Code    22  printfa.o(i.__0printf)
    __1printf                                0x08006261   Thumb Code     0  printfa.o(i.__0printf)
    __2printf                                0x08006261   Thumb Code     0  printfa.o(i.__0printf)
    __c89printf                              0x08006261   Thumb Code     0  printfa.o(i.__0printf)
    printf                                   0x08006261   Thumb Code     0  printfa.o(i.__0printf)
    __scatterload_copy                       0x080062a1   Thumb Code    14  handlers.o(i.__scatterload_copy)
    __scatterload_null                       0x080062af   Thumb Code     2  handlers.o(i.__scatterload_null)
    __scatterload_zeroinit                   0x080062b1   Thumb Code    14  handlers.o(i.__scatterload_zeroinit)
    delay_init                               0x08006b55   Thumb Code    38  delay.o(i.delay_init)
    fputc                                    0x08006b81   Thumb Code    14  my_usart.o(i.fputc)
    main                                     0x08006ba1   Thumb Code   110  main.o(i.main)
    osDelay                                  0x08006c25   Thumb Code    14  cmsis_os.o(i.osDelay)
    osKernelRunning                          0x08006c33   Thumb Code    18  cmsis_os.o(i.osKernelRunning)
    osKernelStart                            0x08006c45   Thumb Code    10  cmsis_os.o(i.osKernelStart)
    osKernelSysTick                          0x08006c4f   Thumb Code    24  cmsis_os.o(i.osKernelSysTick)
    osMessageCreate                          0x08006c67   Thumb Code    38  cmsis_os.o(i.osMessageCreate)
    osMessageGet                             0x08006c8d   Thumb Code   144  cmsis_os.o(i.osMessageGet)
    osMessagePut                             0x08006d21   Thumb Code    86  cmsis_os.o(i.osMessagePut)
    osThreadCreate                           0x08006d7d   Thumb Code    84  cmsis_os.o(i.osThreadCreate)
    pvPortMalloc                             0x08007251   Thumb Code   216  heap_4.o(i.pvPortMalloc)
    pxPortInitialiseStack                    0x0800732d   Thumb Code    40  port.o(i.pxPortInitialiseStack)
    uxListRemove                             0x08007359   Thumb Code    38  list.o(i.uxListRemove)
    vApplicationGetIdleTaskMemory            0x08007381   Thumb Code    16  freertos.o(i.vApplicationGetIdleTaskMemory)
    vListInitialise                          0x08007395   Thumb Code    22  list.o(i.vListInitialise)
    vListInitialiseItem                      0x080073ab   Thumb Code     6  list.o(i.vListInitialiseItem)
    vListInsert                              0x080073b1   Thumb Code    48  list.o(i.vListInsert)
    vListInsertEnd                           0x080073e1   Thumb Code    24  list.o(i.vListInsertEnd)
    vPortEnterCritical                       0x080073f9   Thumb Code    54  port.o(i.vPortEnterCritical)
    vPortExitCritical                        0x08007439   Thumb Code    34  port.o(i.vPortExitCritical)
    vPortFree                                0x08007461   Thumb Code    94  heap_4.o(i.vPortFree)
    vPortSetupTimerInterrupt                 0x080074c5   Thumb Code    32  port.o(i.vPortSetupTimerInterrupt)
    vPortValidateInterruptPriority           0x080074e9   Thumb Code    74  port.o(i.vPortValidateInterruptPriority)
    vTaskDelay                               0x0800753d   Thumb Code    66  tasks.o(i.vTaskDelay)
    vTaskInternalSetTimeOutState             0x08007589   Thumb Code    12  tasks.o(i.vTaskInternalSetTimeOutState)
    vTaskMissedYield                         0x08007599   Thumb Code     8  tasks.o(i.vTaskMissedYield)
    vTaskPlaceOnEventList                    0x080075a5   Thumb Code    44  tasks.o(i.vTaskPlaceOnEventList)
    vTaskStartScheduler                      0x080075d5   Thumb Code    90  tasks.o(i.vTaskStartScheduler)
    vTaskSuspendAll                          0x08007641   Thumb Code    10  tasks.o(i.vTaskSuspendAll)
    vTaskSwitchContext                       0x08007651   Thumb Code    82  tasks.o(i.vTaskSwitchContext)
    xPortStartScheduler                      0x080076ad   Thumb Code   222  port.o(i.xPortStartScheduler)
    xQueueGenericCreate                      0x080077a1   Thumb Code    66  queue.o(i.xQueueGenericCreate)
    xQueueGenericCreateStatic                0x080077e3   Thumb Code   102  queue.o(i.xQueueGenericCreateStatic)
    xQueueGenericReset                       0x08007849   Thumb Code   132  queue.o(i.xQueueGenericReset)
    xQueueGenericSend                        0x080078d1   Thumb Code   346  queue.o(i.xQueueGenericSend)
    xQueueGenericSendFromISR                 0x08007a31   Thumb Code   190  queue.o(i.xQueueGenericSendFromISR)
    xQueueReceive                            0x08007af1   Thumb Code   308  queue.o(i.xQueueReceive)
    xQueueReceiveFromISR                     0x08007c29   Thumb Code   154  queue.o(i.xQueueReceiveFromISR)
    xTaskCheckForTimeOut                     0x08007cc5   Thumb Code   112  tasks.o(i.xTaskCheckForTimeOut)
    xTaskCreate                              0x08007d39   Thumb Code    90  tasks.o(i.xTaskCreate)
    xTaskCreateStatic                        0x08007d93   Thumb Code    86  tasks.o(i.xTaskCreateStatic)
    xTaskGetSchedulerState                   0x08007de9   Thumb Code    22  tasks.o(i.xTaskGetSchedulerState)
    xTaskGetTickCount                        0x08007e05   Thumb Code     6  tasks.o(i.xTaskGetTickCount)
    xTaskGetTickCountFromISR                 0x08007e11   Thumb Code    12  tasks.o(i.xTaskGetTickCountFromISR)
    xTaskIncrementTick                       0x08007e21   Thumb Code   194  tasks.o(i.xTaskIncrementTick)
    xTaskPriorityDisinherit                  0x08007eed   Thumb Code   144  tasks.o(i.xTaskPriorityDisinherit)
    xTaskRemoveFromEventList                 0x08007f85   Thumb Code   108  tasks.o(i.xTaskRemoveFromEventList)
    xTaskResumeAll                           0x08007ff9   Thumb Code   182  tasks.o(i.xTaskResumeAll)
    AHBPrescTable                            0x080080e0   Data          16  system_stm32f4xx.o(.constdata)
    APBPrescTable                            0x080080f0   Data           8  system_stm32f4xx.o(.constdata)
    SD_Driver                                0x080080f8   Data          20  sd_diskio.o(.constdata)
    Region$$Table$$Base                      0x08008128   Number         0  anon$$obj.o(Region$$Table)
    Region$$Table$$Limit                     0x08008148   Number         0  anon$$obj.o(Region$$Table)
    defaultTaskHandle                        0x20000000   Data           4  freertos.o(.data)
    uwTickFreq                               0x20000004   Data           1  stm32f4xx_hal.o(.data)
    uwTickPrio                               0x20000008   Data           4  stm32f4xx_hal.o(.data)
    uwTick                                   0x2000000c   Data           4  stm32f4xx_hal.o(.data)
    SystemCoreClock                          0x20000010   Data           4  system_stm32f4xx.o(.data)
    retSD                                    0x2000001c   Data           1  fatfs.o(.data)
    SDPath                                   0x2000001d   Data           4  fatfs.o(.data)
    pxCurrentTCB                             0x20000028   Data           4  tasks.o(.data)
    FS_Desc                                  0x20000090   Data          28  usbd_desc.o(.data)
    USBD_LangIDDesc                          0x200000ac   Data           4  usbd_desc.o(.data)
    USBD_FS_DeviceDesc                       0x200000b0   Data          18  usbd_desc.o(.data)
    USBD_StringSerial                        0x200000c4   Data          26  usbd_desc.o(.data)
    USBD_Interface_fops_FS                   0x200000e0   Data          20  usbd_cdc_if.o(.data)
    USBD_CDC                                 0x200001d0   Data          56  usbd_cdc.o(.data)
    __stdout                                 0x20000208   Data           4  stdout.o(.data)
    receive_buff                             0x2000020c   Data         255  main.o(.bss)
    hi2c1                                    0x20000560   Data          84  i2c.o(.bss)
    hsd                                      0x200005b4   Data         132  sdio.o(.bss)
    hspi2                                    0x20000638   Data          88  spi.o(.bss)
    hdma_spi2_tx                             0x20000690   Data          96  spi.o(.bss)
    huart1                                   0x200006f0   Data          68  usart.o(.bss)
    hdma_usart1_tx                           0x20000734   Data          96  usart.o(.bss)
    hdma_usart1_rx                           0x20000794   Data          96  usart.o(.bss)
    htim10                                   0x200007f4   Data          72  stm32f4xx_hal_timebase_tim.o(.bss)
    disk                                     0x2000083c   Data          12  ff_gen_drv.o(.bss)
    hUsbDeviceFS                             0x20004558   Data         720  usb_device.o(.bss)
    USBD_StrDesc                             0x20004828   Data         512  usbd_desc.o(.bss)
    UserRxBufferFS                           0x20004a28   Data        2048  usbd_cdc_if.o(.bss)
    UserTxBufferFS                           0x20005228   Data        2048  usbd_cdc_if.o(.bss)
    hpcd_USB_OTG_FS                          0x20005c48   Data        1032  usbd_conf.o(.bss)
    __initial_sp                             0x20009050   Data           0  startup_stm32f407xx.o(STACK)



==============================================================================

Memory Map of the image

  Image Entry point : 0x08000189

  Load Region LR_IROM1 (Base: 0x08000000, Size: 0x00008354, Max: 0x00080000, ABSOLUTE, COMPRESSED[0x00008214])

    Execution Region ER_IROM1 (Base: 0x08000000, Size: 0x00008148, Max: 0x00080000, ABSOLUTE)

    Base Addr    Size         Type   Attr      Idx    E Section Name        Object

    0x08000000   0x00000188   Data   RO            3    RESET               startup_stm32f407xx.o
    0x08000188   0x00000000   Code   RO         8681  * .ARM.Collect$$$$00000000  mc_w.l(entry.o)
    0x08000188   0x00000004   Code   RO         9040    .ARM.Collect$$$$00000001  mc_w.l(entry2.o)
    0x0800018c   0x00000004   Code   RO         9043    .ARM.Collect$$$$00000004  mc_w.l(entry5.o)
    0x08000190   0x00000000   Code   RO         9045    .ARM.Collect$$$$00000008  mc_w.l(entry7b.o)
    0x08000190   0x00000000   Code   RO         9047    .ARM.Collect$$$$0000000A  mc_w.l(entry8b.o)
    0x08000190   0x00000008   Code   RO         9048    .ARM.Collect$$$$0000000B  mc_w.l(entry9a.o)
    0x08000198   0x00000000   Code   RO         9050    .ARM.Collect$$$$0000000D  mc_w.l(entry10a.o)
    0x08000198   0x00000000   Code   RO         9052    .ARM.Collect$$$$0000000F  mc_w.l(entry11a.o)
    0x08000198   0x00000004   Code   RO         9041    .ARM.Collect$$$$00002712  mc_w.l(entry2.o)
    0x0800019c   0x000000be   Code   RO         7820    .emb_text           port.o
    0x0800025a   0x00000002   PAD
    0x0800025c   0x00000024   Code   RO            4    .text               startup_stm32f407xx.o
    0x08000280   0x00000062   Code   RO         8684    .text               mc_w.l(uldiv.o)
    0x080002e2   0x00000024   Code   RO         8688    .text               mc_w.l(memcpya.o)
    0x08000306   0x00000024   Code   RO         8692    .text               mc_w.l(memseta.o)
    0x0800032a   0x0000014e   Code   RO         8995    .text               mf_w.l(dadd.o)
    0x08000478   0x000000e4   Code   RO         8997    .text               mf_w.l(dmul.o)
    0x0800055c   0x00000030   Code   RO         9007    .text               mf_w.l(cdrcmple.o)
    0x0800058c   0x0000002c   Code   RO         9055    .text               mc_w.l(uidiv.o)
    0x080005b8   0x0000001e   Code   RO         9057    .text               mc_w.l(llshl.o)
    0x080005d6   0x00000020   Code   RO         9059    .text               mc_w.l(llushr.o)
    0x080005f6   0x00000024   Code   RO         9061    .text               mc_w.l(llsshr.o)
    0x0800061a   0x00000000   Code   RO         9072    .text               mc_w.l(iusefp.o)
    0x0800061a   0x000000ba   Code   RO         9073    .text               mf_w.l(depilogue.o)
    0x080006d4   0x000000de   Code   RO         9075    .text               mf_w.l(ddiv.o)
    0x080007b2   0x00000030   Code   RO         9081    .text               mf_w.l(dfixul.o)
    0x080007e2   0x00000002   PAD
    0x080007e4   0x00000024   Code   RO         9083    .text               mc_w.l(init.o)
    0x08000808   0x00000056   Code   RO         9095    .text               mc_w.l(__dczerorl2.o)
    0x0800085e   0x00000002   PAD
    0x08000860   0x00000018   Code   RO         5304    i.BSP_PlatformIsDetected  fatfs_platform.o
    0x08000878   0x0000000c   Code   RO         5105    i.BSP_SD_GetCardInfo  bsp_driver_sd.o
    0x08000884   0x00000018   Code   RO         5106    i.BSP_SD_GetCardState  bsp_driver_sd.o
    0x0800089c   0x00000030   Code   RO         5108    i.BSP_SD_Init       bsp_driver_sd.o
    0x080008cc   0x0000001a   Code   RO         5109    i.BSP_SD_IsDetected  bsp_driver_sd.o
    0x080008e6   0x00000002   PAD
    0x080008e8   0x0000001c   Code   RO         5111    i.BSP_SD_ReadBlocks_DMA  bsp_driver_sd.o
    0x08000904   0x00000010   Code   RO         5223    i.BSP_SD_ReadCpltCallback  sd_diskio.o
    0x08000914   0x0000001c   Code   RO         5114    i.BSP_SD_WriteBlocks_DMA  bsp_driver_sd.o
    0x08000930   0x00000002   Code   RO          605    i.BusFault_Handler  stm32f4xx_it.o
    0x08000932   0x00000004   Code   RO         8017    i.CDC_Control_FS    usbd_cdc_if.o
    0x08000936   0x00000004   Code   RO         8018    i.CDC_DeInit_FS     usbd_cdc_if.o
    0x0800093a   0x00000002   PAD
    0x0800093c   0x00000024   Code   RO         8019    i.CDC_Init_FS       usbd_cdc_if.o
    0x08000960   0x00000018   Code   RO         8020    i.CDC_Receive_FS    usbd_cdc_if.o
    0x08000978   0x00000004   Code   RO         8021    i.CDC_TransmitCplt_FS  usbd_cdc_if.o
    0x0800097c   0x00000022   Code   RO         6294    i.Column_Address    oled.o
    0x0800099e   0x00000002   PAD
    0x080009a0   0x0000000c   Code   RO          606    i.DMA1_Stream4_IRQHandler  stm32f4xx_it.o
    0x080009ac   0x0000000c   Code   RO          607    i.DMA2_Stream2_IRQHandler  stm32f4xx_it.o
    0x080009b8   0x0000000c   Code   RO          608    i.DMA2_Stream7_IRQHandler  stm32f4xx_it.o
    0x080009c4   0x00000028   Code   RO         1794    i.DMA_CalcBaseAndBitshift  stm32f4xx_hal_dma.o
    0x080009ec   0x00000054   Code   RO         1795    i.DMA_CheckFifoParam  stm32f4xx_hal_dma.o
    0x08000a40   0x00000028   Code   RO         1796    i.DMA_SetConfig     stm32f4xx_hal_dma.o
    0x08000a68   0x00000002   Code   RO          609    i.DebugMon_Handler  stm32f4xx_it.o
    0x08000a6a   0x00000004   Code   RO           13    i.Error_Handler     main.o
    0x08000a6e   0x00000006   Code   RO         5788    i.FATFS_LinkDriver  ff_gen_drv.o
    0x08000a74   0x00000040   Code   RO         5789    i.FATFS_LinkDriverEx  ff_gen_drv.o
    0x08000ab4   0x0000009c   Code   RO         6428    i.GPIO_Set          sys.o
    0x08000b50   0x00000092   Code   RO         1797    i.HAL_DMA_Abort     stm32f4xx_hal_dma.o
    0x08000be2   0x00000024   Code   RO         1798    i.HAL_DMA_Abort_IT  stm32f4xx_hal_dma.o
    0x08000c06   0x00000004   Code   RO         1800    i.HAL_DMA_GetError  stm32f4xx_hal_dma.o
    0x08000c0a   0x00000002   PAD
    0x08000c0c   0x000001a0   Code   RO         1802    i.HAL_DMA_IRQHandler  stm32f4xx_hal_dma.o
    0x08000dac   0x000000d4   Code   RO         1803    i.HAL_DMA_Init      stm32f4xx_hal_dma.o
    0x08000e80   0x0000006e   Code   RO         1807    i.HAL_DMA_Start_IT  stm32f4xx_hal_dma.o
    0x08000eee   0x00000002   PAD
    0x08000ef0   0x00000024   Code   RO         2216    i.HAL_Delay         stm32f4xx_hal.o
    0x08000f14   0x000001f0   Code   RO         1690    i.HAL_GPIO_Init     stm32f4xx_hal_gpio.o
    0x08001104   0x0000000a   Code   RO         1692    i.HAL_GPIO_ReadPin  stm32f4xx_hal_gpio.o
    0x0800110e   0x00000010   Code   RO         1693    i.HAL_GPIO_TogglePin  stm32f4xx_hal_gpio.o
    0x0800111e   0x0000000a   Code   RO         1694    i.HAL_GPIO_WritePin  stm32f4xx_hal_gpio.o
    0x08001128   0x0000000c   Code   RO         2222    i.HAL_GetTick       stm32f4xx_hal.o
    0x08001134   0x00000188   Code   RO         2478    i.HAL_I2C_Init      stm32f4xx_hal_i2c.o
    0x080012bc   0x00000068   Code   RO          438    i.HAL_I2C_MspInit   i2c.o
    0x08001324   0x00000010   Code   RO         2228    i.HAL_IncTick       stm32f4xx_hal.o
    0x08001334   0x00000034   Code   RO         2229    i.HAL_Init          stm32f4xx_hal.o
    0x08001368   0x00000074   Code   RO          731    i.HAL_InitTick      stm32f4xx_hal_timebase_tim.o
    0x080013dc   0x00000038   Code   RO          707    i.HAL_MspInit       stm32f4xx_hal_msp.o
    0x08001414   0x0000001a   Code   RO         2079    i.HAL_NVIC_EnableIRQ  stm32f4xx_hal_cortex.o
    0x0800142e   0x00000002   PAD
    0x08001430   0x00000040   Code   RO         2085    i.HAL_NVIC_SetPriority  stm32f4xx_hal_cortex.o
    0x08001470   0x00000024   Code   RO         2086    i.HAL_NVIC_SetPriorityGrouping  stm32f4xx_hal_cortex.o
    0x08001494   0x00000002   Code   RO          997    i.HAL_PCDEx_LPM_Callback  stm32f4xx_hal_pcd_ex.o
    0x08001496   0x00000008   Code   RO          998    i.HAL_PCDEx_SetRxFiFo  stm32f4xx_hal_pcd_ex.o
    0x0800149e   0x00000044   Code   RO          999    i.HAL_PCDEx_SetTxFiFo  stm32f4xx_hal_pcd_ex.o
    0x080014e2   0x00000008   Code   RO         8074    i.HAL_PCD_ConnectCallback  usbd_conf.o
    0x080014ea   0x00000012   Code   RO         8075    i.HAL_PCD_DataInStageCallback  usbd_conf.o
    0x080014fc   0x00000014   Code   RO         8076    i.HAL_PCD_DataOutStageCallback  usbd_conf.o
    0x08001510   0x00000008   Code   RO         8077    i.HAL_PCD_DisconnectCallback  usbd_conf.o
    0x08001518   0x0000004c   Code   RO          779    i.HAL_PCD_EP_Close  stm32f4xx_hal_pcd.o
    0x08001564   0x0000005c   Code   RO          780    i.HAL_PCD_EP_ClrStall  stm32f4xx_hal_pcd.o
    0x080015c0   0x00000012   Code   RO          782    i.HAL_PCD_EP_GetRxCount  stm32f4xx_hal_pcd.o
    0x080015d2   0x00000060   Code   RO          783    i.HAL_PCD_EP_Open   stm32f4xx_hal_pcd.o
    0x08001632   0x00000048   Code   RO          784    i.HAL_PCD_EP_Receive  stm32f4xx_hal_pcd.o
    0x0800167a   0x00000074   Code   RO          785    i.HAL_PCD_EP_SetStall  stm32f4xx_hal_pcd.o
    0x080016ee   0x00000040   Code   RO          786    i.HAL_PCD_EP_Transmit  stm32f4xx_hal_pcd.o
    0x0800172e   0x00000002   PAD
    0x08001730   0x00000434   Code   RO          788    i.HAL_PCD_IRQHandler  stm32f4xx_hal_pcd.o
    0x08001b64   0x00000008   Code   RO         8078    i.HAL_PCD_ISOINIncompleteCallback  usbd_conf.o
    0x08001b6c   0x00000008   Code   RO         8079    i.HAL_PCD_ISOOUTIncompleteCallback  usbd_conf.o
    0x08001b74   0x000000e2   Code   RO          791    i.HAL_PCD_Init      stm32f4xx_hal_pcd.o
    0x08001c56   0x00000002   PAD
    0x08001c58   0x00000084   Code   RO         8081    i.HAL_PCD_MspInit   usbd_conf.o
    0x08001cdc   0x0000002c   Code   RO         8082    i.HAL_PCD_ResetCallback  usbd_conf.o
    0x08001d08   0x00000008   Code   RO         8083    i.HAL_PCD_ResumeCallback  usbd_conf.o
    0x08001d10   0x00000008   Code   RO         8084    i.HAL_PCD_SOFCallback  usbd_conf.o
    0x08001d18   0x00000028   Code   RO          797    i.HAL_PCD_SetAddress  stm32f4xx_hal_pcd.o
    0x08001d40   0x0000000e   Code   RO         8085    i.HAL_PCD_SetupStageCallback  usbd_conf.o
    0x08001d4e   0x00000042   Code   RO          799    i.HAL_PCD_Start     stm32f4xx_hal_pcd.o
    0x08001d90   0x00000030   Code   RO         8086    i.HAL_PCD_SuspendCallback  usbd_conf.o
    0x08001dc0   0x00000134   Code   RO         1336    i.HAL_RCC_ClockConfig  stm32f4xx_hal_rcc.o
    0x08001ef4   0x00000040   Code   RO         1340    i.HAL_RCC_GetClockConfig  stm32f4xx_hal_rcc.o
    0x08001f34   0x0000000c   Code   RO         1341    i.HAL_RCC_GetHCLKFreq  stm32f4xx_hal_rcc.o
    0x08001f40   0x00000020   Code   RO         1343    i.HAL_RCC_GetPCLK1Freq  stm32f4xx_hal_rcc.o
    0x08001f60   0x00000020   Code   RO         1344    i.HAL_RCC_GetPCLK2Freq  stm32f4xx_hal_rcc.o
    0x08001f80   0x00000060   Code   RO         1345    i.HAL_RCC_GetSysClockFreq  stm32f4xx_hal_rcc.o
    0x08001fe0   0x0000036c   Code   RO         1348    i.HAL_RCC_OscConfig  stm32f4xx_hal_rcc.o
    0x0800234c   0x00000118   Code   RO         3190    i.HAL_SD_ConfigWideBusOperation  stm32f4xx_hal_sd.o
    0x08002464   0x00000002   Code   RO         3193    i.HAL_SD_ErrorCallback  stm32f4xx_hal_sd.o
    0x08002466   0x00000002   PAD
    0x08002468   0x00000198   Code   RO         3195    i.HAL_SD_GetCardCSD  stm32f4xx_hal_sd.o
    0x08002600   0x00000024   Code   RO         3196    i.HAL_SD_GetCardInfo  stm32f4xx_hal_sd.o
    0x08002624   0x0000002c   Code   RO         3197    i.HAL_SD_GetCardState  stm32f4xx_hal_sd.o
    0x08002650   0x00000036   Code   RO         3202    i.HAL_SD_Init       stm32f4xx_hal_sd.o
    0x08002686   0x00000002   PAD
    0x08002688   0x00000074   Code   RO         3203    i.HAL_SD_InitCard   stm32f4xx_hal_sd.o
    0x080026fc   0x00000094   Code   RO          480    i.HAL_SD_MspInit    sdio.o
    0x08002790   0x00000124   Code   RO         3207    i.HAL_SD_ReadBlocks_DMA  stm32f4xx_hal_sd.o
    0x080028b4   0x00000008   Code   RO         5117    i.HAL_SD_RxCpltCallback  bsp_driver_sd.o
    0x080028bc   0x00000120   Code   RO         3212    i.HAL_SD_WriteBlocks_DMA  stm32f4xx_hal_sd.o
    0x080029dc   0x000000bc   Code   RO         3423    i.HAL_SPI_Init      stm32f4xx_hal_spi.o
    0x08002a98   0x000000a0   Code   RO          522    i.HAL_SPI_MspInit   spi.o
    0x08002b38   0x00000002   Code   RO         4440    i.HAL_TIMEx_BreakCallback  stm32f4xx_hal_tim_ex.o
    0x08002b3a   0x00000002   Code   RO         4441    i.HAL_TIMEx_CommutCallback  stm32f4xx_hal_tim_ex.o
    0x08002b3c   0x0000005a   Code   RO         3736    i.HAL_TIM_Base_Init  stm32f4xx_hal_tim.o
    0x08002b96   0x00000002   Code   RO         3738    i.HAL_TIM_Base_MspInit  stm32f4xx_hal_tim.o
    0x08002b98   0x00000080   Code   RO         3741    i.HAL_TIM_Base_Start_IT  stm32f4xx_hal_tim.o
    0x08002c18   0x00000002   Code   RO         3770    i.HAL_TIM_IC_CaptureCallback  stm32f4xx_hal_tim.o
    0x08002c1a   0x00000166   Code   RO         3784    i.HAL_TIM_IRQHandler  stm32f4xx_hal_tim.o
    0x08002d80   0x00000002   Code   RO         3787    i.HAL_TIM_OC_DelayElapsedCallback  stm32f4xx_hal_tim.o
    0x08002d82   0x00000002   Code   RO         3814    i.HAL_TIM_PWM_PulseFinishedCallback  stm32f4xx_hal_tim.o
    0x08002d84   0x00000014   Code   RO           14    i.HAL_TIM_PeriodElapsedCallback  main.o
    0x08002d98   0x00000002   Code   RO         3827    i.HAL_TIM_TriggerCallback  stm32f4xx_hal_tim.o
    0x08002d9a   0x00000002   Code   RO         4718    i.HAL_UARTEx_RxEventCallback  stm32f4xx_hal_uart.o
    0x08002d9c   0x00000070   Code   RO         4730    i.HAL_UART_DMAStop  stm32f4xx_hal_uart.o
    0x08002e0c   0x00000002   Code   RO         4732    i.HAL_UART_ErrorCallback  stm32f4xx_hal_uart.o
    0x08002e0e   0x00000002   PAD
    0x08002e10   0x00000268   Code   RO         4735    i.HAL_UART_IRQHandler  stm32f4xx_hal_uart.o
    0x08003078   0x00000062   Code   RO         4736    i.HAL_UART_Init     stm32f4xx_hal_uart.o
    0x080030da   0x00000002   PAD
    0x080030dc   0x000000e4   Code   RO          564    i.HAL_UART_MspInit  usart.o
    0x080031c0   0x0000002a   Code   RO         4740    i.HAL_UART_Receive_DMA  stm32f4xx_hal_uart.o
    0x080031ea   0x00000002   Code   RO         4742    i.HAL_UART_RxCpltCallback  stm32f4xx_hal_uart.o
    0x080031ec   0x00000002   Code   RO         4743    i.HAL_UART_RxHalfCpltCallback  stm32f4xx_hal_uart.o
    0x080031ee   0x00000002   Code   RO         4747    i.HAL_UART_TxCpltCallback  stm32f4xx_hal_uart.o
    0x080031f0   0x00000002   Code   RO          610    i.HardFault_Handler  stm32f4xx_it.o
    0x080031f2   0x00000002   PAD
    0x080031f4   0x00000128   Code   RO         6295    i.Init_ssd1327      oled.o
    0x0800331c   0x00000038   Code   RO         7931    i.IntToUnicode      usbd_desc.o
    0x08003354   0x0000005c   Code   RO          413    i.MX_DMA_Init       dma.o
    0x080033b0   0x0000001c   Code   RO         5328    i.MX_FATFS_Init     fatfs.o
    0x080033cc   0x00000028   Code   RO          360    i.MX_FREERTOS_Init  freertos.o
    0x080033f4   0x000000ec   Code   RO          336    i.MX_GPIO_Init      gpio.o
    0x080034e0   0x00000040   Code   RO          439    i.MX_I2C1_Init      i2c.o
    0x08003520   0x00000020   Code   RO          481    i.MX_SDIO_SD_Init   sdio.o
    0x08003540   0x00000048   Code   RO          523    i.MX_SPI2_Init      spi.o
    0x08003588   0x00000038   Code   RO          565    i.MX_USART1_UART_Init  usart.o
    0x080035c0   0x00000054   Code   RO         7900    i.MX_USB_DEVICE_Init  usb_device.o
    0x08003614   0x00000002   Code   RO          611    i.MemManage_Handler  stm32f4xx_it.o
    0x08003616   0x00000002   Code   RO          612    i.NMI_Handler       stm32f4xx_it.o
    0x08003618   0x0000004e   Code   RO         6296    i.OLED_Clear        oled.o
    0x08003666   0x00000002   PAD
    0x08003668   0x0000004c   Code   RO         6302    i.OLED_WR_Byte      oled.o
    0x080036b4   0x0000000c   Code   RO          613    i.OTG_FS_IRQHandler  stm32f4xx_it.o
    0x080036c0   0x000000cc   Code   RO          803    i.PCD_EP_OutXfrComplete_int  stm32f4xx_hal_pcd.o
    0x0800378c   0x000000a2   Code   RO          804    i.PCD_WriteEmptyTxFifo  stm32f4xx_hal_pcd.o
    0x0800382e   0x00000022   Code   RO         6303    i.Row_Address       oled.o
    0x08003850   0x00000024   Code   RO         2917    i.SDIO_ConfigData   stm32f4xx_ll_sdmmc.o
    0x08003874   0x00000008   Code   RO         2921    i.SDIO_GetPowerState  stm32f4xx_ll_sdmmc.o
    0x0800387c   0x00000006   Code   RO         2922    i.SDIO_GetResponse  stm32f4xx_ll_sdmmc.o
    0x08003882   0x00000024   Code   RO         2923    i.SDIO_Init         stm32f4xx_ll_sdmmc.o
    0x080038a6   0x00000010   Code   RO         2925    i.SDIO_PowerState_ON  stm32f4xx_ll_sdmmc.o
    0x080038b6   0x00000006   Code   RO         2926    i.SDIO_ReadFIFO     stm32f4xx_ll_sdmmc.o
    0x080038bc   0x00000020   Code   RO         2927    i.SDIO_SendCommand  stm32f4xx_ll_sdmmc.o
    0x080038dc   0x00000032   Code   RO         2930    i.SDMMC_CmdAppCommand  stm32f4xx_ll_sdmmc.o
    0x0800390e   0x00000002   PAD
    0x08003910   0x00000034   Code   RO         2931    i.SDMMC_CmdAppOperCommand  stm32f4xx_ll_sdmmc.o
    0x08003944   0x00000032   Code   RO         2932    i.SDMMC_CmdBlockLength  stm32f4xx_ll_sdmmc.o
    0x08003976   0x00000032   Code   RO         2933    i.SDMMC_CmdBusWidth  stm32f4xx_ll_sdmmc.o
    0x080039a8   0x00000050   Code   RO         2937    i.SDMMC_CmdGoIdleState  stm32f4xx_ll_sdmmc.o
    0x080039f8   0x00000074   Code   RO         2939    i.SDMMC_CmdOperCond  stm32f4xx_ll_sdmmc.o
    0x08003a6c   0x00000032   Code   RO         2940    i.SDMMC_CmdReadMultiBlock  stm32f4xx_ll_sdmmc.o
    0x08003a9e   0x00000032   Code   RO         2941    i.SDMMC_CmdReadSingleBlock  stm32f4xx_ll_sdmmc.o
    0x08003ad0   0x00000032   Code   RO         2944    i.SDMMC_CmdSelDesel  stm32f4xx_ll_sdmmc.o
    0x08003b02   0x0000002c   Code   RO         2945    i.SDMMC_CmdSendCID  stm32f4xx_ll_sdmmc.o
    0x08003b2e   0x0000002c   Code   RO         2946    i.SDMMC_CmdSendCSD  stm32f4xx_ll_sdmmc.o
    0x08003b5a   0x00000030   Code   RO         2948    i.SDMMC_CmdSendSCR  stm32f4xx_ll_sdmmc.o
    0x08003b8a   0x00000032   Code   RO         2949    i.SDMMC_CmdSendStatus  stm32f4xx_ll_sdmmc.o
    0x08003bbc   0x00000030   Code   RO         2950    i.SDMMC_CmdSetRelAdd  stm32f4xx_ll_sdmmc.o
    0x08003bec   0x00000034   Code   RO         2952    i.SDMMC_CmdStopTransfer  stm32f4xx_ll_sdmmc.o
    0x08003c20   0x00000032   Code   RO         2954    i.SDMMC_CmdWriteMultiBlock  stm32f4xx_ll_sdmmc.o
    0x08003c52   0x00000032   Code   RO         2955    i.SDMMC_CmdWriteSingleBlock  stm32f4xx_ll_sdmmc.o
    0x08003c84   0x00000120   Code   RO         2956    i.SDMMC_GetCmdResp1  stm32f4xx_ll_sdmmc.o
    0x08003da4   0x00000050   Code   RO         2957    i.SDMMC_GetCmdResp2  stm32f4xx_ll_sdmmc.o
    0x08003df4   0x00000044   Code   RO         2958    i.SDMMC_GetCmdResp3  stm32f4xx_ll_sdmmc.o
    0x08003e38   0x00000088   Code   RO         2959    i.SDMMC_GetCmdResp6  stm32f4xx_ll_sdmmc.o
    0x08003ec0   0x00000020   Code   RO         5225    i.SD_CheckStatus    sd_diskio.o
    0x08003ee0   0x00000024   Code   RO         5226    i.SD_CheckStatusWithTimeout  sd_diskio.o
    0x08003f04   0x00000064   Code   RO         3214    i.SD_DMAError       stm32f4xx_hal_sd.o
    0x08003f68   0x00000042   Code   RO         3215    i.SD_DMAReceiveCplt  stm32f4xx_hal_sd.o
    0x08003faa   0x0000000e   Code   RO         3217    i.SD_DMATransmitCplt  stm32f4xx_hal_sd.o
    0x08003fb8   0x000000da   Code   RO         3219    i.SD_FindSCR        stm32f4xx_hal_sd.o
    0x08004092   0x000000ee   Code   RO         3220    i.SD_InitCard       stm32f4xx_hal_sd.o
    0x08004180   0x000000b4   Code   RO         3221    i.SD_PowerON        stm32f4xx_hal_sd.o
    0x08004234   0x00000054   Code   RO         5227    i.SD_initialize     sd_diskio.o
    0x08004288   0x00000050   Code   RO         5228    i.SD_ioctl          sd_diskio.o
    0x080042d8   0x00000068   Code   RO         5229    i.SD_read           sd_diskio.o
    0x08004340   0x00000004   Code   RO         5230    i.SD_status         sd_diskio.o
    0x08004344   0x00000068   Code   RO         5231    i.SD_write          sd_diskio.o
    0x080043ac   0x0000000a   Code   RO         8419    i.SWAPBYTE          usbd_ctlreq.o
    0x080043b6   0x0000000c   Code   RO          361    i.StartDefaultTask  freertos.o
    0x080043c2   0x00000002   PAD
    0x080043c4   0x0000002c   Code   RO         7821    i.SysTick_Handler   port.o
    0x080043f0   0x00000094   Code   RO           15    i.SystemClock_Config  main.o
    0x08004484   0x00000010   Code   RO         5065    i.SystemInit        system_stm32f4xx.o
    0x08004494   0x0000000c   Code   RO          614    i.TIM1_UP_TIM10_IRQHandler  stm32f4xx_it.o
    0x080044a0   0x000000c8   Code   RO         3829    i.TIM_Base_SetConfig  stm32f4xx_hal_tim.o
    0x08004568   0x00000010   Code   RO         4749    i.UART_DMAAbortOnError  stm32f4xx_hal_uart.o
    0x08004578   0x0000004a   Code   RO         4750    i.UART_DMAError     stm32f4xx_hal_uart.o
    0x080045c2   0x00000082   Code   RO         4751    i.UART_DMAReceiveCplt  stm32f4xx_hal_uart.o
    0x08004644   0x0000001a   Code   RO         4753    i.UART_DMARxHalfCplt  stm32f4xx_hal_uart.o
    0x0800465e   0x0000004e   Code   RO         4759    i.UART_EndRxTransfer  stm32f4xx_hal_uart.o
    0x080046ac   0x0000001c   Code   RO         4760    i.UART_EndTxTransfer  stm32f4xx_hal_uart.o
    0x080046c8   0x000000c0   Code   RO         4761    i.UART_Receive_IT   stm32f4xx_hal_uart.o
    0x08004788   0x0000010c   Code   RO         4762    i.UART_SetConfig    stm32f4xx_hal_uart.o
    0x08004894   0x00000090   Code   RO         4763    i.UART_Start_Receive_DMA  stm32f4xx_hal_uart.o
    0x08004924   0x00000018   Code   RO          615    i.USART1_IRQHandler  stm32f4xx_it.o
    0x0800493c   0x0000003c   Code   RO         6558    i.USAR_UART_IDLECallback  my_usart.o
    0x08004978   0x00000062   Code   RO         8552    i.USBD_CDC_DataIn   usbd_cdc.o
    0x080049da   0x0000002a   Code   RO         8553    i.USBD_CDC_DataOut  usbd_cdc.o
    0x08004a04   0x00000048   Code   RO         8554    i.USBD_CDC_DeInit   usbd_cdc.o
    0x08004a4c   0x0000002e   Code   RO         8555    i.USBD_CDC_EP0_RxReady  usbd_cdc.o
    0x08004a7a   0x00000002   PAD
    0x08004a7c   0x0000000c   Code   RO         8556    i.USBD_CDC_GetDeviceQualifierDescriptor  usbd_cdc.o
    0x08004a88   0x0000000c   Code   RO         8557    i.USBD_CDC_GetFSCfgDesc  usbd_cdc.o
    0x08004a94   0x0000000c   Code   RO         8558    i.USBD_CDC_GetHSCfgDesc  usbd_cdc.o
    0x08004aa0   0x0000000c   Code   RO         8559    i.USBD_CDC_GetOtherSpeedCfgDesc  usbd_cdc.o
    0x08004aac   0x000000a2   Code   RO         8560    i.USBD_CDC_Init     usbd_cdc.o
    0x08004b4e   0x00000028   Code   RO         8561    i.USBD_CDC_ReceivePacket  usbd_cdc.o
    0x08004b76   0x0000000e   Code   RO         8562    i.USBD_CDC_RegisterInterface  usbd_cdc.o
    0x08004b84   0x00000012   Code   RO         8563    i.USBD_CDC_SetRxBuffer  usbd_cdc.o
    0x08004b96   0x00000016   Code   RO         8564    i.USBD_CDC_SetTxBuffer  usbd_cdc.o
    0x08004bac   0x000000be   Code   RO         8565    i.USBD_CDC_Setup    usbd_cdc.o
    0x08004c6a   0x00000010   Code   RO         8281    i.USBD_ClrClassConfig  usbd_core.o
    0x08004c7a   0x00000010   Code   RO         8492    i.USBD_CtlContinueRx  usbd_ioreq.o
    0x08004c8a   0x00000010   Code   RO         8493    i.USBD_CtlContinueSendData  usbd_ioreq.o
    0x08004c9a   0x00000016   Code   RO         8420    i.USBD_CtlError     usbd_ctlreq.o
    0x08004cb0   0x0000001e   Code   RO         8494    i.USBD_CtlPrepareRx  usbd_ioreq.o
    0x08004cce   0x00000016   Code   RO         8495    i.USBD_CtlReceiveStatus  usbd_ioreq.o
    0x08004ce4   0x0000001a   Code   RO         8496    i.USBD_CtlSendData  usbd_ioreq.o
    0x08004cfe   0x00000016   Code   RO         8497    i.USBD_CtlSendStatus  usbd_ioreq.o
    0x08004d14   0x00000020   Code   RO         7932    i.USBD_FS_ConfigStrDescriptor  usbd_desc.o
    0x08004d34   0x0000000c   Code   RO         7933    i.USBD_FS_DeviceDescriptor  usbd_desc.o
    0x08004d40   0x00000024   Code   RO         7934    i.USBD_FS_InterfaceStrDescriptor  usbd_desc.o
    0x08004d64   0x0000000c   Code   RO         7935    i.USBD_FS_LangIDStrDescriptor  usbd_desc.o
    0x08004d70   0x00000028   Code   RO         7936    i.USBD_FS_ManufacturerStrDescriptor  usbd_desc.o
    0x08004d98   0x0000002c   Code   RO         7937    i.USBD_FS_ProductStrDescriptor  usbd_desc.o
    0x08004dc4   0x00000038   Code   RO         7938    i.USBD_FS_SerialStrDescriptor  usbd_desc.o
    0x08004dfc   0x000000e6   Code   RO         8421    i.USBD_GetDescriptor  usbd_ctlreq.o
    0x08004ee2   0x00000048   Code   RO         8422    i.USBD_GetString    usbd_ctlreq.o
    0x08004f2a   0x00000018   Code   RO         8087    i.USBD_Get_USB_Status  usbd_conf.o
    0x08004f42   0x00000026   Code   RO         8283    i.USBD_Init         usbd_core.o
    0x08004f68   0x00000012   Code   RO         8088    i.USBD_LL_ClearStallEP  usbd_conf.o
    0x08004f7a   0x00000012   Code   RO         8089    i.USBD_LL_CloseEP   usbd_conf.o
    0x08004f8c   0x000000a8   Code   RO         8284    i.USBD_LL_DataInStage  usbd_core.o
    0x08005034   0x0000006c   Code   RO         8285    i.USBD_LL_DataOutStage  usbd_core.o
    0x080050a0   0x00000004   Code   RO         8286    i.USBD_LL_DevConnected  usbd_core.o
    0x080050a4   0x00000018   Code   RO         8287    i.USBD_LL_DevDisconnected  usbd_core.o
    0x080050bc   0x00000008   Code   RO         8093    i.USBD_LL_GetRxDataSize  usbd_conf.o
    0x080050c4   0x00000060   Code   RO         8094    i.USBD_LL_Init      usbd_conf.o
    0x08005124   0x00000020   Code   RO         8095    i.USBD_LL_IsStallEP  usbd_conf.o
    0x08005144   0x00000020   Code   RO         8288    i.USBD_LL_IsoINIncomplete  usbd_core.o
    0x08005164   0x00000020   Code   RO         8289    i.USBD_LL_IsoOUTIncomplete  usbd_core.o
    0x08005184   0x00000018   Code   RO         8096    i.USBD_LL_OpenEP    usbd_conf.o
    0x0800519c   0x00000012   Code   RO         8097    i.USBD_LL_PrepareReceive  usbd_conf.o
    0x080051ae   0x0000005a   Code   RO         8290    i.USBD_LL_Reset     usbd_core.o
    0x08005208   0x00000014   Code   RO         8291    i.USBD_LL_Resume    usbd_core.o
    0x0800521c   0x00000020   Code   RO         8292    i.USBD_LL_SOF       usbd_core.o
    0x0800523c   0x00000006   Code   RO         8293    i.USBD_LL_SetSpeed  usbd_core.o
    0x08005242   0x00000012   Code   RO         8098    i.USBD_LL_SetUSBAddress  usbd_conf.o
    0x08005254   0x00000060   Code   RO         8294    i.USBD_LL_SetupStage  usbd_core.o
    0x080052b4   0x00000012   Code   RO         8099    i.USBD_LL_StallEP   usbd_conf.o
    0x080052c6   0x00000012   Code   RO         8100    i.USBD_LL_Start     usbd_conf.o
    0x080052d8   0x00000012   Code   RO         8295    i.USBD_LL_Suspend   usbd_core.o
    0x080052ea   0x00000012   Code   RO         8102    i.USBD_LL_Transmit  usbd_conf.o
    0x080052fc   0x0000002c   Code   RO         8423    i.USBD_ParseSetupRequest  usbd_ctlreq.o
    0x08005328   0x00000024   Code   RO         8296    i.USBD_RegisterClass  usbd_core.o
    0x0800534c   0x00000014   Code   RO         8298    i.USBD_SetClassConfig  usbd_core.o
    0x08005360   0x000000bc   Code   RO         8424    i.USBD_SetConfig    usbd_ctlreq.o
    0x0800541c   0x00000004   Code   RO         8299    i.USBD_Start        usbd_core.o
    0x08005420   0x00000114   Code   RO         8425    i.USBD_StdDevReq    usbd_ctlreq.o
    0x08005534   0x00000140   Code   RO         8426    i.USBD_StdEPReq     usbd_ctlreq.o
    0x08005674   0x00000052   Code   RO         8427    i.USBD_StdItfReq    usbd_ctlreq.o
    0x080056c6   0x00000002   Code   RO         8103    i.USBD_static_free  usbd_conf.o
    0x080056c8   0x00000008   Code   RO         8104    i.USBD_static_malloc  usbd_conf.o
    0x080056d0   0x00000080   Code   RO         1039    i.USB_ActivateEndpoint  stm32f4xx_ll_usb.o
    0x08005750   0x0000001c   Code   RO         1041    i.USB_ActivateSetup  stm32f4xx_ll_usb.o
    0x0800576c   0x00000074   Code   RO         1043    i.USB_CoreInit      stm32f4xx_ll_usb.o
    0x080057e0   0x00000040   Code   RO         1044    i.USB_CoreReset     stm32f4xx_ll_usb.o
    0x08005820   0x000000cc   Code   RO         1047    i.USB_DeactivateEndpoint  stm32f4xx_ll_usb.o
    0x080058ec   0x0000001c   Code   RO         1048    i.USB_DevConnect    stm32f4xx_ll_usb.o
    0x08005908   0x0000001c   Code   RO         1049    i.USB_DevDisconnect  stm32f4xx_ll_usb.o
    0x08005924   0x00000174   Code   RO         1050    i.USB_DevInit       stm32f4xx_ll_usb.o
    0x08005a98   0x0000000c   Code   RO         1051    i.USB_DisableGlobalInt  stm32f4xx_ll_usb.o
    0x08005aa4   0x00000118   Code   RO         1054    i.USB_EP0StartXfer  stm32f4xx_ll_usb.o
    0x08005bbc   0x00000058   Code   RO         1055    i.USB_EP0_OutStart  stm32f4xx_ll_usb.o
    0x08005c14   0x00000058   Code   RO         1056    i.USB_EPClearStall  stm32f4xx_ll_usb.o
    0x08005c6c   0x00000058   Code   RO         1057    i.USB_EPSetStall    stm32f4xx_ll_usb.o
    0x08005cc4   0x000001e8   Code   RO         1058    i.USB_EPStartXfer   stm32f4xx_ll_usb.o
    0x08005eac   0x0000000c   Code   RO         1059    i.USB_EnableGlobalInt  stm32f4xx_ll_usb.o
    0x08005eb8   0x00000028   Code   RO         1060    i.USB_FlushRxFifo   stm32f4xx_ll_usb.o
    0x08005ee0   0x0000002c   Code   RO         1061    i.USB_FlushTxFifo   stm32f4xx_ll_usb.o
    0x08005f0c   0x0000001a   Code   RO         1063    i.USB_GetDevSpeed   stm32f4xx_ll_usb.o
    0x08005f26   0x00000008   Code   RO         1065    i.USB_GetMode       stm32f4xx_ll_usb.o
    0x08005f2e   0x0000000e   Code   RO         1072    i.USB_ReadDevAllInEpInterrupt  stm32f4xx_ll_usb.o
    0x08005f3c   0x0000000e   Code   RO         1073    i.USB_ReadDevAllOutEpInterrupt  stm32f4xx_ll_usb.o
    0x08005f4a   0x00000024   Code   RO         1074    i.USB_ReadDevInEPInterrupt  stm32f4xx_ll_usb.o
    0x08005f6e   0x00000010   Code   RO         1075    i.USB_ReadDevOutEPInterrupt  stm32f4xx_ll_usb.o
    0x08005f7e   0x00000008   Code   RO         1076    i.USB_ReadInterrupts  stm32f4xx_ll_usb.o
    0x08005f86   0x0000003e   Code   RO         1077    i.USB_ReadPacket    stm32f4xx_ll_usb.o
    0x08005fc4   0x00000060   Code   RO         6523    i.USB_Reset         usb.o
    0x08006024   0x0000005c   Code   RO         1079    i.USB_SetCurrentMode  stm32f4xx_ll_usb.o
    0x08006080   0x00000022   Code   RO         1080    i.USB_SetDevAddress  stm32f4xx_ll_usb.o
    0x080060a2   0x00000002   PAD
    0x080060a4   0x000000e8   Code   RO         1082    i.USB_SetTurnaroundTime  stm32f4xx_ll_usb.o
    0x0800618c   0x00000028   Code   RO         1085    i.USB_WritePacket   stm32f4xx_ll_usb.o
    0x080061b4   0x0000002c   Code   RO         6559    i.USER_UART_IRQHandler  my_usart.o
    0x080061e0   0x00000002   Code   RO          616    i.UsageFault_Handler  stm32f4xx_it.o
    0x080061e2   0x00000002   PAD
    0x080061e4   0x0000005c   Code   RO         6490    i.Wifi_CreateTask   mytask.o
    0x08006240   0x00000020   Code   RO         6491    i.Wifi_Task         mytask.o
    0x08006260   0x00000020   Code   RO         8939    i.__0printf         mc_w.l(printfa.o)
    0x08006280   0x00000020   Code   RO         2092    i.__NVIC_SetPriority  stm32f4xx_hal_cortex.o
    0x080062a0   0x0000000e   Code   RO         9089    i.__scatterload_copy  mc_w.l(handlers.o)
    0x080062ae   0x00000002   Code   RO         9090    i.__scatterload_null  mc_w.l(handlers.o)
    0x080062b0   0x0000000e   Code   RO         9091    i.__scatterload_zeroinit  mc_w.l(handlers.o)
    0x080062be   0x00000002   PAD
    0x080062c0   0x00000164   Code   RO         8946    i._fp_digits        mc_w.l(printfa.o)
    0x08006424   0x000006dc   Code   RO         8947    i._printf_core      mc_w.l(printfa.o)
    0x08006b00   0x00000024   Code   RO         8948    i._printf_post_padding  mc_w.l(printfa.o)
    0x08006b24   0x0000002e   Code   RO         8949    i._printf_pre_padding  mc_w.l(printfa.o)
    0x08006b52   0x00000002   PAD
    0x08006b54   0x0000002c   Code   RO         6382    i.delay_init        delay.o
    0x08006b80   0x00000014   Code   RO         6560    i.fputc             my_usart.o
    0x08006b94   0x0000000c   Code   RO         7384    i.inHandlerMode     cmsis_os.o
    0x08006ba0   0x00000078   Code   RO           16    i.main              main.o
    0x08006c18   0x0000000c   Code   RO         7386    i.makeFreeRtosPriority  cmsis_os.o
    0x08006c24   0x0000000e   Code   RO         7388    i.osDelay           cmsis_os.o
    0x08006c32   0x00000012   Code   RO         7390    i.osKernelRunning   cmsis_os.o
    0x08006c44   0x0000000a   Code   RO         7391    i.osKernelStart     cmsis_os.o
    0x08006c4e   0x00000018   Code   RO         7392    i.osKernelSysTick   cmsis_os.o
    0x08006c66   0x00000026   Code   RO         7400    i.osMessageCreate   cmsis_os.o
    0x08006c8c   0x00000094   Code   RO         7402    i.osMessageGet      cmsis_os.o
    0x08006d20   0x0000005c   Code   RO         7404    i.osMessagePut      cmsis_os.o
    0x08006d7c   0x00000054   Code   RO         7425    i.osThreadCreate    cmsis_os.o
    0x08006dd0   0x00000070   Code   RO         7068    i.prvAddCurrentTaskToDelayedList  tasks.o
    0x08006e40   0x000000d0   Code   RO         7069    i.prvAddNewTaskToReadyList  tasks.o
    0x08006f10   0x00000026   Code   RO         6747    i.prvCopyDataFromQueue  queue.o
    0x08006f36   0x0000006c   Code   RO         6748    i.prvCopyDataToQueue  queue.o
    0x08006fa2   0x00000034   Code   RO         7070    i.prvDeleteTCB      tasks.o
    0x08006fd6   0x00000002   PAD
    0x08006fd8   0x0000004c   Code   RO         7753    i.prvHeapInit       heap_4.o
    0x08007024   0x00000060   Code   RO         7071    i.prvIdleTask       tasks.o
    0x08007084   0x00000016   Code   RO         6750    i.prvInitialiseNewQueue  queue.o
    0x0800709a   0x00000098   Code   RO         7072    i.prvInitialiseNewTask  tasks.o
    0x08007132   0x00000002   PAD
    0x08007134   0x0000004c   Code   RO         7754    i.prvInsertBlockIntoFreeList  heap_4.o
    0x08007180   0x0000001c   Code   RO         6751    i.prvIsQueueEmpty   queue.o
    0x0800719c   0x00000020   Code   RO         7073    i.prvResetNextTaskUnblockTime  tasks.o
    0x080071bc   0x00000028   Code   RO         7822    i.prvTaskExitError  port.o
    0x080071e4   0x0000006a   Code   RO         6752    i.prvUnlockQueue    queue.o
    0x0800724e   0x00000002   PAD
    0x08007250   0x000000dc   Code   RO         7755    i.pvPortMalloc      heap_4.o
    0x0800732c   0x0000002c   Code   RO         7823    i.pxPortInitialiseStack  port.o
    0x08007358   0x00000026   Code   RO         6707    i.uxListRemove      list.o
    0x0800737e   0x00000002   PAD
    0x08007380   0x00000014   Code   RO          362    i.vApplicationGetIdleTaskMemory  freertos.o
    0x08007394   0x00000016   Code   RO         6708    i.vListInitialise   list.o
    0x080073aa   0x00000006   Code   RO         6709    i.vListInitialiseItem  list.o
    0x080073b0   0x00000030   Code   RO         6710    i.vListInsert       list.o
    0x080073e0   0x00000018   Code   RO         6711    i.vListInsertEnd    list.o
    0x080073f8   0x00000040   Code   RO         7825    i.vPortEnterCritical  port.o
    0x08007438   0x00000028   Code   RO         7826    i.vPortExitCritical  port.o
    0x08007460   0x00000064   Code   RO         7756    i.vPortFree         heap_4.o
    0x080074c4   0x00000024   Code   RO         7827    i.vPortSetupTimerInterrupt  port.o
    0x080074e8   0x00000054   Code   RO         7828    i.vPortValidateInterruptPriority  port.o
    0x0800753c   0x0000004c   Code   RO         7082    i.vTaskDelay        tasks.o
    0x08007588   0x00000010   Code   RO         7085    i.vTaskInternalSetTimeOutState  tasks.o
    0x08007598   0x0000000c   Code   RO         7086    i.vTaskMissedYield  tasks.o
    0x080075a4   0x00000030   Code   RO         7088    i.vTaskPlaceOnEventList  tasks.o
    0x080075d4   0x0000006c   Code   RO         7095    i.vTaskStartScheduler  tasks.o
    0x08007640   0x00000010   Code   RO         7097    i.vTaskSuspendAll   tasks.o
    0x08007650   0x0000005c   Code   RO         7098    i.vTaskSwitchContext  tasks.o
    0x080076ac   0x000000f4   Code   RO         7829    i.xPortStartScheduler  port.o
    0x080077a0   0x00000042   Code   RO         6761    i.xQueueGenericCreate  queue.o
    0x080077e2   0x00000066   Code   RO         6762    i.xQueueGenericCreateStatic  queue.o
    0x08007848   0x00000088   Code   RO         6763    i.xQueueGenericReset  queue.o
    0x080078d0   0x00000160   Code   RO         6764    i.xQueueGenericSend  queue.o
    0x08007a30   0x000000be   Code   RO         6765    i.xQueueGenericSendFromISR  queue.o
    0x08007aee   0x00000002   PAD
    0x08007af0   0x00000138   Code   RO         6771    i.xQueueReceive     queue.o
    0x08007c28   0x0000009a   Code   RO         6772    i.xQueueReceiveFromISR  queue.o
    0x08007cc2   0x00000002   PAD
    0x08007cc4   0x00000074   Code   RO         7100    i.xTaskCheckForTimeOut  tasks.o
    0x08007d38   0x0000005a   Code   RO         7101    i.xTaskCreate       tasks.o
    0x08007d92   0x00000056   Code   RO         7102    i.xTaskCreateStatic  tasks.o
    0x08007de8   0x0000001c   Code   RO         7106    i.xTaskGetSchedulerState  tasks.o
    0x08007e04   0x0000000c   Code   RO         7107    i.xTaskGetTickCount  tasks.o
    0x08007e10   0x00000010   Code   RO         7108    i.xTaskGetTickCountFromISR  tasks.o
    0x08007e20   0x000000cc   Code   RO         7109    i.xTaskIncrementTick  tasks.o
    0x08007eec   0x00000098   Code   RO         7112    i.xTaskPriorityDisinherit  tasks.o
    0x08007f84   0x00000074   Code   RO         7114    i.xTaskRemoveFromEventList  tasks.o
    0x08007ff8   0x000000c4   Code   RO         7115    i.xTaskResumeAll    tasks.o
    0x080080bc   0x0000001c   Data   RO          364    .constdata          freertos.o
    0x080080d8   0x00000008   Data   RO         1809    .constdata          stm32f4xx_hal_dma.o
    0x080080e0   0x00000010   Data   RO         5066    .constdata          system_stm32f4xx.o
    0x080080f0   0x00000008   Data   RO         5067    .constdata          system_stm32f4xx.o
    0x080080f8   0x00000014   Data   RO         5232    .constdata          sd_diskio.o
    0x0800810c   0x00000010   Data   RO         5233    .constdata          sd_diskio.o
    0x0800811c   0x0000000c   Data   RO          365    .conststring        freertos.o
    0x08008128   0x00000020   Data   RO         9087    Region$$Table       anon$$obj.o


    Execution Region RW_IRAM1 (Base: 0x20000000, Size: 0x00009050, Max: 0x0001c000, ABSOLUTE, COMPRESSED[0x000000cc])

    Base Addr    Size         Type   Attr      Idx    E Section Name        Object

    0x20000000   0x00000004   Data   RW          366    .data               freertos.o
    0x20000004   0x0000000c   Data   RW         2236    .data               stm32f4xx_hal.o
    0x20000010   0x00000004   Data   RW         5068    .data               system_stm32f4xx.o
    0x20000014   0x00000008   Data   RW         5234    .data               sd_diskio.o
    0x2000001c   0x00000005   Data   RW         5332    .data               fatfs.o
    0x20000021   0x00000001   PAD
    0x20000022   0x00000004   Data   RW         6386    .data               delay.o
    0x20000026   0x00000002   Data   RW         6561    .data               my_usart.o
    0x20000028   0x0000003c   Data   RW         7118    .data               tasks.o
    0x20000064   0x00000020   Data   RW         7762    .data               heap_4.o
    0x20000084   0x0000000c   Data   RW         7830    .data               port.o
    0x20000090   0x0000001c   Data   RW         7940    .data               usbd_desc.o
    0x200000ac   0x00000032   Data   RW         7941    .data               usbd_desc.o
    0x200000de   0x00000002   PAD
    0x200000e0   0x00000014   Data   RW         8024    .data               usbd_cdc_if.o
    0x200000f4   0x00000001   Data   RW         8428    .data               usbd_ctlreq.o
    0x200000f5   0x00000003   PAD
    0x200000f8   0x000000d7   Data   RW         8567    .data               usbd_cdc.o
    0x200001cf   0x00000001   PAD
    0x200001d0   0x00000038   Data   RW         8568    .data               usbd_cdc.o
    0x20000208   0x00000004   Data   RW         9054    .data               mc_w.l(stdout.o)
    0x2000020c   0x000000ff   Zero   RW           17    .bss                main.o
    0x2000030b   0x00000001   PAD
    0x2000030c   0x00000254   Zero   RW          363    .bss                freertos.o
    0x20000560   0x00000054   Zero   RW          440    .bss                i2c.o
    0x200005b4   0x00000084   Zero   RW          482    .bss                sdio.o
    0x20000638   0x000000b8   Zero   RW          524    .bss                spi.o
    0x200006f0   0x00000104   Zero   RW          566    .bss                usart.o
    0x200007f4   0x00000048   Zero   RW          734    .bss                stm32f4xx_hal_timebase_tim.o
    0x2000083c   0x0000000c   Zero   RW         5792    .bss                ff_gen_drv.o
    0x20000848   0x00000020   Zero   RW         6492    .bss                mytask.o
    0x20000868   0x000000f0   Zero   RW         7117    .bss                tasks.o
    0x20000958   0x00003c00   Zero   RW         7761    .bss                heap_4.o
    0x20004558   0x000002d0   Zero   RW         7901    .bss                usb_device.o
    0x20004828   0x00000200   Zero   RW         7939    .bss                usbd_desc.o
    0x20004a28   0x00001000   Zero   RW         8023    .bss                usbd_cdc_if.o
    0x20005a28   0x00000628   Zero   RW         8105    .bss                usbd_conf.o
    0x20006050   0x00003000   Zero   RW            1    STACK               startup_stm32f407xx.o


    Execution Region RW_IRAM2 (Base: 0x2001c000, Size: 0x00000000, Max: 0x00004000, ABSOLUTE)

    **** No section assigned to this execution region ****


==============================================================================

Image component sizes


      Code (inc. data)   RO Data    RW Data    ZI Data      Debug   Object Name

       174         22          0          0          0       4740   bsp_driver_sd.o
         0          0          0          0          0        372   cjson.o
       452         10          0          0          0      33185   cmsis_os.o
        44          6          0          4          0        741   delay.o
        92          4          0          0          0        874   dma.o
         0          0          0          0          0      20076   event_groups.o
        28         10          0          5          0       1118   fatfs.o
        24          4          0          0          0        589   fatfs_platform.o
        70          6          0          0         12       1699   ff_gen_drv.o
        72         14         40          4        596       7086   freertos.o
       236         16          0          0          0       1111   gpio.o
       472         24          0         32      15360       7571   heap_4.o
       168         26          0          0         84       1769   i2c.o
       138          0          0          0          0       3674   list.o
       292         24          0          0        255     775706   main.o
       124         30          0          2          0       2665   my_usart.o
       124         60          0          0         32       1318   mytask.o
       518         14          0          0          0       3785   oled.o
       786         82          0         12          0      12121   port.o
      1614         14          0          0          0      18337   queue.o
       460         36         36          8          0       8822   sd_diskio.o
       180         26          0          0        132       1761   sdio.o
       232         30          0          0        184       1866   spi.o
        36          8        392          0      12288        860   startup_stm32f407xx.o
       116         18          0         12          0       8878   stm32f4xx_hal.o
       158         14          0          0          0      33262   stm32f4xx_hal_cortex.o
      1088         16          8          0          0       8161   stm32f4xx_hal_dma.o
       532         46          0          0          0       3616   stm32f4xx_hal_gpio.o
       392         16          0          0          0       3163   stm32f4xx_hal_i2c.o
        56          4          0          0          0        914   stm32f4xx_hal_msp.o
      2308         14          0          0          0      13077   stm32f4xx_hal_pcd.o
        78          0          0          0          0       2489   stm32f4xx_hal_pcd_ex.o
      1420         88          0          0          0       6565   stm32f4xx_hal_rcc.o
      2336         62          0          0          0      14175   stm32f4xx_hal_sd.o
       188          0          0          0          0       1243   stm32f4xx_hal_spi.o
       786         72          0          0          0       7584   stm32f4xx_hal_tim.o
         4          0          0          0          0       1669   stm32f4xx_hal_tim_ex.o
       116         16          0          0         72       1492   stm32f4xx_hal_timebase_tim.o
      1834         30          0          0          0      14253   stm32f4xx_hal_uart.o
        96         36          0          0          0       8037   stm32f4xx_it.o
      1646         46          0          0          0      23062   stm32f4xx_ll_sdmmc.o
      2690        132          0          0          0      23790   stm32f4xx_ll_usb.o
       156          0          0          0          0       1233   sys.o
        16          4         24          4          0       1199   system_stm32f4xx.o
      2036        160          0         60        240      26893   tasks.o
       284         28          0          0        260       1988   usart.o
        96         10          0          0          0        900   usb.o
        84         18          0          0        720        856   usb_device.o
       752         16          0        271          0      13343   usbd_cdc.o
        72         16          0         20       4096       3386   usbd_cdc_if.o
       644         24          0          0       1576      17460   usbd_conf.o
       744          0          0          0          0      13029   usbd_core.o
      1244         30          0          1          0      14572   usbd_ctlreq.o
       288        104          0         78        512       6409   usbd_desc.o
       132          0          0          0          0       4688   usbd_ioreq.o

    ----------------------------------------------------------------------
     28780       1486        532        520      36420    1193232   Object Totals
         0          0         32          0          0          0   (incl. Generated)
        52          0          0          7          1          0   (incl. Padding)

    ----------------------------------------------------------------------

      Code (inc. data)   RO Data    RW Data    ZI Data      Debug   Library Member Name

        86          0          0          0          0          0   __dczerorl2.o
         0          0          0          0          0          0   entry.o
         0          0          0          0          0          0   entry10a.o
         0          0          0          0          0          0   entry11a.o
         8          4          0          0          0          0   entry2.o
         4          0          0          0          0          0   entry5.o
         0          0          0          0          0          0   entry7b.o
         0          0          0          0          0          0   entry8b.o
         8          4          0          0          0          0   entry9a.o
        30          0          0          0          0          0   handlers.o
        36          8          0          0          0         68   init.o
         0          0          0          0          0          0   iusefp.o
        30          0          0          0          0         68   llshl.o
        36          0          0          0          0         68   llsshr.o
        32          0          0          0          0         68   llushr.o
        36          0          0          0          0         68   memcpya.o
        36          0          0          0          0        108   memseta.o
      2226         90          0          0          0        444   printfa.o
         0          0          0          4          0          0   stdout.o
        44          0          0          0          0         80   uidiv.o
        98          0          0          0          0         92   uldiv.o
        48          0          0          0          0         68   cdrcmple.o
       334          0          0          0          0        148   dadd.o
       222          0          0          0          0        100   ddiv.o
       186          0          0          0          0        176   depilogue.o
        48          0          0          0          0         68   dfixul.o
       228          0          0          0          0         96   dmul.o

    ----------------------------------------------------------------------
      3784        106          0          4          0       1720   Library Totals
         8          0          0          0          0          0   (incl. Padding)

    ----------------------------------------------------------------------

      Code (inc. data)   RO Data    RW Data    ZI Data      Debug   Library Name

      2710        106          0          4          0       1064   mc_w.l
      1066          0          0          0          0        656   mf_w.l

    ----------------------------------------------------------------------
      3784        106          0          4          0       1720   Library Totals

    ----------------------------------------------------------------------

==============================================================================


      Code (inc. data)   RO Data    RW Data    ZI Data      Debug   

     32564       1592        532        524      36420    1159052   Grand Totals
     32564       1592        532        204      36420    1159052   ELF Image Totals (compressed)
     32564       1592        532        204          0          0   ROM Totals

==============================================================================

    Total RO  Size (Code + RO Data)                33096 (  32.32kB)
    Total RW  Size (RW Data + ZI Data)             36944 (  36.08kB)
    Total ROM Size (Code + RO Data + RW Data)      33300 (  32.52kB)

==============================================================================

